Archive member included to satisfy reference by file (symbol)

/usr/bin/../lib/gcc/arm-none-eabi/7.3.1/thumb/v7e-m/fpv4-sp/hard/libgcc.a(_arm_addsubdf3.o)
                              build/obj/chprintf.o (__aeabi_dsub)
/usr/bin/../lib/gcc/arm-none-eabi/7.3.1/thumb/v7e-m/fpv4-sp/hard/libgcc.a(_arm_muldivdf3.o)
                              build/obj/chprintf.o (__aeabi_dmul)
/usr/bin/../lib/gcc/arm-none-eabi/7.3.1/thumb/v7e-m/fpv4-sp/hard/libgcc.a(_arm_fixdfsi.o)
                              build/obj/chprintf.o (__aeabi_d2iz)
/usr/bin/../lib/gcc/arm-none-eabi/7.3.1/thumb/v7e-m/fpv4-sp/hard/libgcc.a(_arm_truncdfsf2.o)
                              build/obj/chprintf.o (__aeabi_d2f)
/usr/bin/../lib/gcc/arm-none-eabi/7.3.1/thumb/v7e-m/fpv4-sp/hard/libgcc.a(_fixdfdi.o)
                              build/obj/buffer.o (__aeabi_d2lz)
/usr/bin/../lib/gcc/arm-none-eabi/7.3.1/thumb/v7e-m/fpv4-sp/hard/libgcc.a(_fixunsdfdi.o)
                              /usr/bin/../lib/gcc/arm-none-eabi/7.3.1/thumb/v7e-m/fpv4-sp/hard/libgcc.a(_fixdfdi.o) (__aeabi_d2ulz)
/usr/bin/../lib/gcc/arm-none-eabi/7.3.1/thumb/v7e-m/fpv4-sp/hard/libgcc.a(_arm_cmpdf2.o)
                              /usr/bin/../lib/gcc/arm-none-eabi/7.3.1/thumb/v7e-m/fpv4-sp/hard/libgcc.a(_fixdfdi.o) (__aeabi_dcmplt)
/usr/bin/../lib/gcc/arm-none-eabi/7.3.1/thumb/v7e-m/fpv4-sp/hard/libgcc.a(_arm_fixunsdfsi.o)
                              /usr/bin/../lib/gcc/arm-none-eabi/7.3.1/thumb/v7e-m/fpv4-sp/hard/libgcc.a(_fixunsdfdi.o) (__aeabi_d2uiz)
/usr/bin/../lib/gcc/arm-none-eabi/7.3.1/../../../../arm-none-eabi/lib/thumb/v7e-m/fpv4-sp/hard/libg.a(lib_a-memcpy.o)
                              build/obj/memstreams.o (memcpy)
/usr/bin/../lib/gcc/arm-none-eabi/7.3.1/../../../../arm-none-eabi/lib/thumb/v7e-m/fpv4-sp/hard/libg.a(lib_a-sf_frexp.o)
                              build/obj/buffer.o (frexpf)
/usr/bin/../lib/gcc/arm-none-eabi/7.3.1/../../../../arm-none-eabi/lib/thumb/v7e-m/fpv4-sp/hard/libg.a(lib_a-sf_ldexp.o)
                              build/obj/buffer.o (ldexpf)
/usr/bin/../lib/gcc/arm-none-eabi/7.3.1/../../../../arm-none-eabi/lib/thumb/v7e-m/fpv4-sp/hard/libg.a(lib_a-sf_scalbn.o)
                              /usr/bin/../lib/gcc/arm-none-eabi/7.3.1/../../../../arm-none-eabi/lib/thumb/v7e-m/fpv4-sp/hard/libg.a(lib_a-sf_ldexp.o) (scalbnf)
/usr/bin/../lib/gcc/arm-none-eabi/7.3.1/../../../../arm-none-eabi/lib/thumb/v7e-m/fpv4-sp/hard/libg.a(lib_a-strcasecmp.o)
                              build/obj/shell.o (strcasecmp)
/usr/bin/../lib/gcc/arm-none-eabi/7.3.1/../../../../arm-none-eabi/lib/thumb/v7e-m/fpv4-sp/hard/libg.a(lib_a-strlen.o)
                              build/obj/bldc_interface.o (strlen)
/usr/bin/../lib/gcc/arm-none-eabi/7.3.1/../../../../arm-none-eabi/lib/thumb/v7e-m/fpv4-sp/hard/libg.a(lib_a-strpbrk.o)
                              build/obj/shell.o (strpbrk)
/usr/bin/../lib/gcc/arm-none-eabi/7.3.1/../../../../arm-none-eabi/lib/thumb/v7e-m/fpv4-sp/hard/libg.a(lib_a-strspn.o)
                              build/obj/shell.o (strspn)
/usr/bin/../lib/gcc/arm-none-eabi/7.3.1/../../../../arm-none-eabi/lib/thumb/v7e-m/fpv4-sp/hard/libg.a(lib_a-errno.o)
                              /usr/bin/../lib/gcc/arm-none-eabi/7.3.1/../../../../arm-none-eabi/lib/thumb/v7e-m/fpv4-sp/hard/libg.a(lib_a-sf_ldexp.o) (__errno)
/usr/bin/../lib/gcc/arm-none-eabi/7.3.1/../../../../arm-none-eabi/lib/thumb/v7e-m/fpv4-sp/hard/libg.a(lib_a-impure.o)
                              /usr/bin/../lib/gcc/arm-none-eabi/7.3.1/../../../../arm-none-eabi/lib/thumb/v7e-m/fpv4-sp/hard/libg.a(lib_a-errno.o) (_impure_ptr)
/usr/bin/../lib/gcc/arm-none-eabi/7.3.1/../../../../arm-none-eabi/lib/thumb/v7e-m/fpv4-sp/hard/libg.a(lib_a-locale.o)
                              /usr/bin/../lib/gcc/arm-none-eabi/7.3.1/../../../../arm-none-eabi/lib/thumb/v7e-m/fpv4-sp/hard/libg.a(lib_a-strcasecmp.o) (__locale_ctype_ptr)
/usr/bin/../lib/gcc/arm-none-eabi/7.3.1/../../../../arm-none-eabi/lib/thumb/v7e-m/fpv4-sp/hard/libg.a(lib_a-mbtowc_r.o)
                              /usr/bin/../lib/gcc/arm-none-eabi/7.3.1/../../../../arm-none-eabi/lib/thumb/v7e-m/fpv4-sp/hard/libg.a(lib_a-locale.o) (__ascii_mbtowc)
/usr/bin/../lib/gcc/arm-none-eabi/7.3.1/../../../../arm-none-eabi/lib/thumb/v7e-m/fpv4-sp/hard/libg.a(lib_a-sf_copysign.o)
                              /usr/bin/../lib/gcc/arm-none-eabi/7.3.1/../../../../arm-none-eabi/lib/thumb/v7e-m/fpv4-sp/hard/libg.a(lib_a-sf_scalbn.o) (copysignf)
/usr/bin/../lib/gcc/arm-none-eabi/7.3.1/../../../../arm-none-eabi/lib/thumb/v7e-m/fpv4-sp/hard/libg.a(lib_a-sf_finite.o)
                              /usr/bin/../lib/gcc/arm-none-eabi/7.3.1/../../../../arm-none-eabi/lib/thumb/v7e-m/fpv4-sp/hard/libg.a(lib_a-sf_ldexp.o) (finitef)
/usr/bin/../lib/gcc/arm-none-eabi/7.3.1/../../../../arm-none-eabi/lib/thumb/v7e-m/fpv4-sp/hard/libg.a(lib_a-strcmp.o)
[...]
Memory Configuration

Name             Origin             Length             Attributes
flash            0x0000000008000000 0x0000000000100000
ram0             0x0000000020000000 0x0000000000020000
ram1             0x0000000020000000 0x000000000001c000
ram2             0x000000002001c000 0x0000000000004000
ram3             0x0000000000000000 0x0000000000000000
ram4             0x0000000010000000 0x0000000000010000
ram5             0x0000000040024000 0x0000000000001000
ram6             0x0000000000000000 0x0000000000000000
ram7             0x0000000000000000 0x0000000000000000
*default*        0x0000000000000000 0xffffffffffffffff

Linker script and memory map

LOAD build/obj/crt0_v7m.o
LOAD build/obj/chcoreasm_v7m.o
LOAD build/obj/crt1.o
LOAD build/obj/vectors.o
LOAD build/obj/chsys.o
LOAD build/obj/chdebug.o
LOAD build/obj/chvt.o
LOAD build/obj/chschd.o
LOAD build/obj/chthreads.o
LOAD build/obj/chtm.o
LOAD build/obj/chdynamic.o
LOAD build/obj/chregistry.o
LOAD build/obj/chsem.o
LOAD build/obj/chmtx.o
LOAD build/obj/chcond.o
LOAD build/obj/chevents.o
LOAD build/obj/chmsg.o
LOAD build/obj/chmboxes.o
LOAD build/obj/chqueues.o
LOAD build/obj/chmemcore.o
LOAD build/obj/chheap.o
LOAD build/obj/chmempools.o
LOAD build/obj/chcore.o
LOAD build/obj/chcore_v7m.o
LOAD build/obj/osal.o
LOAD build/obj/hal.o
LOAD build/obj/st.o
LOAD build/obj/hal_queues.o
LOAD build/obj/hal_mmcsd.o
LOAD build/obj/pal.o
LOAD build/obj/serial_usb.o
LOAD build/obj/uart.o
LOAD build/obj/usb.o
LOAD build/obj/nvic.o
LOAD build/obj/stm32_dma.o
LOAD build/obj/hal_lld.o
LOAD build/obj/st_lld.o
LOAD build/obj/pal_lld.o
LOAD build/obj/usb_lld.o
LOAD build/obj/uart_lld.o
LOAD build/obj/board.o
LOAD build/obj/shell.o
LOAD build/obj/memstreams.o
LOAD build/obj/chprintf.o
LOAD build/obj/main.o
LOAD build/obj/comm_usb_serial.o
LOAD build/obj/bldc_interface.o
LOAD build/obj/buffer.o
LOAD build/obj/packet.o
LOAD build/obj/crc.o
LOAD build/obj/comm_uart.o
LOAD build/obj/bldc_interface_uart.o
                0x0000000020000000                __ram0_start__ = ORIGIN (ram0)
                0x0000000000020000                __ram0_size__ = LENGTH (ram0)
                0x0000000020020000                __ram0_end__ = (__ram0_start__ + __ram0_size__)
                0x0000000020000000                __ram1_start__ = ORIGIN (ram1)
                0x000000000001c000                __ram1_size__ = LENGTH (ram1)
                0x000000002001c000                __ram1_end__ = (__ram1_start__ + __ram1_size__)
                0x000000002001c000                __ram2_start__ = ORIGIN (ram2)
                0x0000000000004000                __ram2_size__ = LENGTH (ram2)
                0x0000000020020000                __ram2_end__ = (__ram2_start__ + __ram2_size__)
                0x0000000000000000                __ram3_start__ = ORIGIN (ram3)
                0x0000000000000000                __ram3_size__ = LENGTH (ram3)
                0x0000000000000000                __ram3_end__ = (__ram3_start__ + __ram3_size__)
                0x0000000010000000                __ram4_start__ = ORIGIN (ram4)
                0x0000000000010000                __ram4_size__ = LENGTH (ram4)
                0x0000000010010000                __ram4_end__ = (__ram4_start__ + __ram4_size__)
                0x0000000040024000                __ram5_start__ = ORIGIN (ram5)
                0x0000000000001000                __ram5_size__ = LENGTH (ram5)
                0x0000000040025000                __ram5_end__ = (__ram5_start__ + __ram5_size__)
                0x0000000000000000                __ram6_start__ = ORIGIN (ram6)
                0x0000000000000000                __ram6_size__ = LENGTH (ram6)
                0x0000000000000000                __ram6_end__ = (__ram6_start__ + __ram6_size__)
                0x0000000000000000                __ram7_start__ = ORIGIN (ram7)
                0x0000000000000000                __ram7_size__ = LENGTH (ram7)
                0x0000000000000000                __ram7_end__ = (__ram7_start__ + __ram7_size__)
                0x0000000000000000                . = 0x0
                0x0000000000000000                _text = .

startup         0x0000000008000000      0x1c0
 *(.vectors)
 .vectors       0x0000000008000000      0x1c0 build/obj/vectors.o
                0x0000000008000000                _vectors

constructors    0x00000000080001c0        0x0
                0x00000000080001c0                PROVIDE (__init_array_start = .)
 *(SORT_BY_NAME(.init_array.*))
 *(.init_array)
                0x00000000080001c0                PROVIDE (__init_array_end = .)

destructors     0x00000000080001c0        0x0
                0x00000000080001c0                PROVIDE (__fini_array_start = .)
 *(.fini_array)
 *(SORT_BY_NAME(.fini_array.*))
                0x00000000080001c0                PROVIDE (__fini_array_end = .)

.text           0x00000000080001c0     0x6911
 *(.text)
 .text          0x00000000080001c0      0x104 build/obj/crt0_v7m.o
                0x00000000080001c0                Reset_Handler
 *fill*         0x00000000080002c4        0xc 
 .text          0x00000000080002d0       0x30 build/obj/chcoreasm_v7m.o
                0x00000000080002d0                _port_switch
                0x00000000080002e8                _port_thread_start
                0x00000000080002f8                _port_switch_from_isr
                0x00000000080002fc                _port_exit_from_isr
 .text          0x0000000008000300      0x378 /usr/bin/../lib/gcc/arm-none-eabi/7.3.1/thumb/v7e-m/fpv4-sp/hard/libgcc.a(_arm_addsubdf3.o)
                0x0000000008000300                __aeabi_drsub
                0x0000000008000308                __aeabi_dsub
                0x0000000008000308                __subdf3
                0x000000000800030c                __adddf3
                0x000000000800030c                __aeabi_dadd
                0x0000000008000584                __aeabi_ui2d
                0x0000000008000584                __floatunsidf
                0x00000000080005a4                __floatsidf
                0x00000000080005a4                __aeabi_i2d
                0x00000000080005c8                __extendsfdf2
                0x00000000080005c8                __aeabi_f2d
                0x000000000800060c                __aeabi_ul2d
                0x000000000800060c                __floatundidf
                0x000000000800061c                __floatdidf
                0x000000000800061c                __aeabi_l2d
 *fill*         0x0000000008000678        0x8 
 .text          0x0000000008000680      0x424 /usr/bin/../lib/gcc/arm-none-eabi/7.3.1/thumb/v7e-m/fpv4-sp/hard/libgcc.a(_arm_muldivdf3.o)
                0x0000000008000680                __aeabi_dmul
                0x0000000008000680                __muldf3
                0x00000000080008d4                __aeabi_ddiv
                0x00000000080008d4                __divdf3
 *fill*         0x0000000008000aa4        0xc 
 .text          0x0000000008000ab0       0x50 /usr/bin/../lib/gcc/arm-none-eabi/7.3.1/thumb/v7e-m/fpv4-sp/hard/libgcc.a(_arm_fixdfsi.o)
                0x0000000008000ab0                __fixdfsi
                0x0000000008000ab0                __aeabi_d2iz
 .text          0x0000000008000b00       0xa0 /usr/bin/../lib/gcc/arm-none-eabi/7.3.1/thumb/v7e-m/fpv4-sp/hard/libgcc.a(_arm_truncdfsf2.o)
                0x0000000008000b00                __aeabi_d2f
                0x0000000008000b00                __truncdfsf2
 .text          0x0000000008000ba0      0x134 /usr/bin/../lib/gcc/arm-none-eabi/7.3.1/../../../../arm-none-eabi/lib/thumb/v7e-m/fpv4-sp/hard/libg.a(lib_a-memcpy.o)
                0x0000000008000ba0                memcpy
 *(.text.*)
 *fill*         0x0000000008000cd4        0xc 
 .text.__core_init
                0x0000000008000ce0        0x4 build/obj/crt1.o
                0x0000000008000ce0                __core_init
 *fill*         0x0000000008000ce4        0xc 
 .text.__late_init
                0x0000000008000cf0        0x4 build/obj/crt1.o
                0x0000000008000cf0                __late_init
 *fill*         0x0000000008000cf4        0xc 
 .text.__default_exit
                0x0000000008000d00        0x4 build/obj/crt1.o
                0x0000000008000d00                __default_exit
 *fill*         0x0000000008000d04        0xc 
 .text._unhandled_exception
                0x0000000008000d10        0x4 build/obj/vectors.o
                0x0000000008000d10                Vector58
                0x0000000008000d10                Vector9C
                0x0000000008000d10                VectorE8
                0x0000000008000d10                VectorAC
                0x0000000008000d10                DebugMon_Handler
                0x0000000008000d10                Vector1A0
                0x0000000008000d10                Vector5C
                0x0000000008000d10                Vector11C
                0x0000000008000d10                HardFault_Handler
                0x0000000008000d10                Vector1B8
                0x0000000008000d10                Vector19C
                0x0000000008000d10                SysTick_Handler
                0x0000000008000d10                Vector8C
                0x0000000008000d10                PendSV_Handler
                0x0000000008000d10                Vector168
                0x0000000008000d10                NMI_Handler
                0x0000000008000d10                Vector110
                0x0000000008000d10                VectorC8
                0x0000000008000d10                Vector94
                0x0000000008000d10                VectorA8
                0x0000000008000d10                VectorB4
                0x0000000008000d10                Vector160
                0x0000000008000d10                Vector1B0
                0x0000000008000d10                UsageFault_Handler
                0x0000000008000d10                VectorEC
                0x0000000008000d10                Vector40
                0x0000000008000d10                VectorF8
                0x0000000008000d10                Vector108
                0x0000000008000d10                VectorBC
                0x0000000008000d10                Vector190
                0x0000000008000d10                Vector148
                0x0000000008000d10                Vector188
                0x0000000008000d10                Vector198
                0x0000000008000d10                Vector118
                0x0000000008000d10                Vector64
                0x0000000008000d10                VectorCC
                0x0000000008000d10                Vector54
                0x0000000008000d10                Vector98
                0x0000000008000d10                VectorD8
                0x0000000008000d10                Vector138
                0x0000000008000d10                Vector24
                0x0000000008000d10                Vector1AC
                0x0000000008000d10                Vector178
                0x0000000008000d10                Vector1A4
                0x0000000008000d10                VectorD0
                0x0000000008000d10                Vector1B4
                0x0000000008000d10                Vector140
                0x0000000008000d10                VectorE4
                0x0000000008000d10                VectorC0
                0x0000000008000d10                Vector134
                0x0000000008000d10                VectorF0
                0x0000000008000d10                Vector13C
                0x0000000008000d10                Vector100
                0x0000000008000d10                VectorE0
                0x0000000008000d10                VectorF4
                0x0000000008000d10                MemManage_Handler
                0x0000000008000d10                VectorA0
                0x0000000008000d10                VectorC4
                0x0000000008000d10                Vector180
                0x0000000008000d10                Vector90
                0x0000000008000d10                Vector114
                0x0000000008000d10                Vector60
                0x0000000008000d10                Vector164
                0x0000000008000d10                Vector1C
                0x0000000008000d10                Vector1BC
                0x0000000008000d10                Vector17C
                0x0000000008000d10                Vector48
                0x0000000008000d10                Vector1A8
                0x0000000008000d10                Vector16C
                0x0000000008000d10                VectorD4
                0x0000000008000d10                Vector4C
                0x0000000008000d10                Vector144
                0x0000000008000d10                Vector15C
                0x0000000008000d10                Vector68
                0x0000000008000d10                _unhandled_exception
                0x0000000008000d10                Vector170
                0x0000000008000d10                Vector88
                0x0000000008000d10                Vector104
                0x0000000008000d10                Vector184
                0x0000000008000d10                Vector10C
                0x0000000008000d10                BusFault_Handler
                0x0000000008000d10                Vector50
                0x0000000008000d10                Vector194
                0x0000000008000d10                Vector44
                0x0000000008000d10                Vector28
                0x0000000008000d10                VectorB8
                0x0000000008000d10                Vector34
                0x0000000008000d10                VectorA4
                0x0000000008000d10                Vector20
                0x0000000008000d10                Vector18C
                0x0000000008000d10                Vector174
 *fill*         0x0000000008000d14        0xc 
 .text._idle_thread
                0x0000000008000d20        0x4 build/obj/chsys.o
 *fill*         0x0000000008000d24        0xc 
 .text.chSysInit
                0x0000000008000d30       0xa4 build/obj/chsys.o
                0x0000000008000d30                chSysInit
 *fill*         0x0000000008000dd4        0xc 
 .text.chSysHalt
                0x0000000008000de0        0xc build/obj/chsys.o
                0x0000000008000de0                chSysHalt
 *fill*         0x0000000008000dec        0x4 
 .text.chSysTimerHandlerI
                0x0000000008000df0       0x7c build/obj/chsys.o
                0x0000000008000df0                chSysTimerHandlerI
 *fill*         0x0000000008000e6c        0x4 
 .text.chSysPolledDelayX
                0x0000000008000e70       0x14 build/obj/chsys.o
                0x0000000008000e70                chSysPolledDelayX
 *fill*         0x0000000008000e84        0xc 
 .text._vt_init
                0x0000000008000e90       0x1c build/obj/chvt.o
                0x0000000008000e90                _vt_init
 *fill*         0x0000000008000eac        0x4 
 .text.chVTDoSetI
                0x0000000008000eb0       0x78 build/obj/chvt.o
                0x0000000008000eb0                chVTDoSetI
 *fill*         0x0000000008000f28        0x8 
 .text.chVTDoResetI
                0x0000000008000f30       0x74 build/obj/chvt.o
                0x0000000008000f30                chVTDoResetI
 *fill*         0x0000000008000fa4        0xc 
 .text.wakeup   0x0000000008000fb0       0x6c build/obj/chschd.o
 *fill*         0x000000000800101c        0x4 
 .text._scheduler_init
                0x0000000008001020       0x14 build/obj/chschd.o
                0x0000000008001020                _scheduler_init
 *fill*         0x0000000008001034        0xc 
 .text.chSchReadyI
                0x0000000008001040       0x24 build/obj/chschd.o
                0x0000000008001040                chSchReadyI
 *fill*         0x0000000008001064        0xc 
 .text.chSchGoSleepS
                0x0000000008001070       0x24 build/obj/chschd.o
                0x0000000008001070                chSchGoSleepS
 *fill*         0x0000000008001094        0xc 
 .text.chSchGoSleepTimeoutS
                0x00000000080010a0       0x44 build/obj/chschd.o
                0x00000000080010a0                chSchGoSleepTimeoutS
 *fill*         0x00000000080010e4        0xc 
 .text.chSchWakeupS
                0x00000000080010f0       0x58 build/obj/chschd.o
                0x00000000080010f0                chSchWakeupS
 *fill*         0x0000000008001148        0x8 
 .text.chSchIsPreemptionRequired
                0x0000000008001150       0x18 build/obj/chschd.o
                0x0000000008001150                chSchIsPreemptionRequired
 *fill*         0x0000000008001168        0x8 
 .text.chSchDoRescheduleAhead
                0x0000000008001170       0x38 build/obj/chschd.o
                0x0000000008001170                chSchDoRescheduleAhead
 *fill*         0x00000000080011a8        0x8 
 .text.chSchRescheduleS
                0x00000000080011b0       0x18 build/obj/chschd.o
                0x00000000080011b0                chSchRescheduleS
 *fill*         0x00000000080011c8        0x8 
 .text.chSchDoReschedule
                0x00000000080011d0        0x4 build/obj/chschd.o
                0x00000000080011d0                chSchDoReschedule
 *fill*         0x00000000080011d4        0xc 
 .text._thread_init
                0x00000000080011e0       0x38 build/obj/chthreads.o
                0x00000000080011e0                _thread_init
 *fill*         0x0000000008001218        0x8 
 .text.chThdCreateI
                0x0000000008001220       0x4c build/obj/chthreads.o
                0x0000000008001220                chThdCreateI
 *fill*         0x000000000800126c        0x4 
 .text.chThdCreateStatic
                0x0000000008001270       0x60 build/obj/chthreads.o
                0x0000000008001270                chThdCreateStatic
 .text.chThdSleep
                0x00000000080012d0       0x18 build/obj/chthreads.o
                0x00000000080012d0                chThdSleep
 *fill*         0x00000000080012e8        0x8 
 .text.chThdExitS
                0x00000000080012f0       0x40 build/obj/chthreads.o
                0x00000000080012f0                chThdExitS
 .text.chThdExit
                0x0000000008001330        0xc build/obj/chthreads.o
                0x0000000008001330                chThdExit
 *fill*         0x000000000800133c        0x4 
 .text.chThdSuspendS
                0x0000000008001340       0x1c build/obj/chthreads.o
                0x0000000008001340                chThdSuspendS
 *fill*         0x000000000800135c        0x4 
 .text.chThdResumeI
                0x0000000008001360       0x14 build/obj/chthreads.o
                0x0000000008001360                chThdResumeI
 *fill*         0x0000000008001374        0xc 
 .text.chThdEnqueueTimeoutS
                0x0000000008001380       0x28 build/obj/chthreads.o
                0x0000000008001380                chThdEnqueueTimeoutS
 *fill*         0x00000000080013a8        0x8 
 .text.chThdDequeueAllI
                0x00000000080013b0       0x24 build/obj/chthreads.o
                0x00000000080013b0                chThdDequeueAllI
 *fill*         0x00000000080013d4        0xc 
 .text.chTMStartMeasurementX
                0x00000000080013e0        0xc build/obj/chtm.o
                0x00000000080013e0                chTMStartMeasurementX
 *fill*         0x00000000080013ec        0x4 
 .text.chTMStopMeasurementX
                0x00000000080013f0       0x48 build/obj/chtm.o
                0x00000000080013f0                chTMStopMeasurementX
 *fill*         0x0000000008001438        0x8 
 .text._tm_init
                0x0000000008001440       0x38 build/obj/chtm.o
                0x0000000008001440                _tm_init
 *fill*         0x0000000008001478        0x8 
 .text.chThdRelease
                0x0000000008001480       0x50 build/obj/chdynamic.o
                0x0000000008001480                chThdRelease
 .text.chThdCreateFromHeap
                0x00000000080014d0       0x40 build/obj/chdynamic.o
                0x00000000080014d0                chThdCreateFromHeap
 .text.chMtxObjectInit
                0x0000000008001510        0xc build/obj/chmtx.o
                0x0000000008001510                chMtxObjectInit
 *fill*         0x000000000800151c        0x4 
 .text.chMtxLockS
                0x0000000008001520       0xe0 build/obj/chmtx.o
                0x0000000008001520                chMtxLockS
 .text.chMtxLock
                0x0000000008001600       0x14 build/obj/chmtx.o
                0x0000000008001600                chMtxLock
 *fill*         0x0000000008001614        0xc 
 .text.chMtxUnlock
                0x0000000008001620       0x64 build/obj/chmtx.o
                0x0000000008001620                chMtxUnlock
 *fill*         0x0000000008001684        0xc 
 .text.chEvtSignalI
                0x0000000008001690       0x28 build/obj/chevents.o
                0x0000000008001690                chEvtSignalI
 *fill*         0x00000000080016b8        0x8 
 .text.chEvtBroadcastFlagsI
                0x00000000080016c0       0x2c build/obj/chevents.o
                0x00000000080016c0                chEvtBroadcastFlagsI
 *fill*         0x00000000080016ec        0x4 
 .text.chEvtWaitAny
                0x00000000080016f0       0x38 build/obj/chevents.o
                0x00000000080016f0                chEvtWaitAny
 *fill*         0x0000000008001728        0x8 
 .text.chIQObjectInit
                0x0000000008001730       0x20 build/obj/chqueues.o
                0x0000000008001730                chIQObjectInit
 .text.chIQResetI
                0x0000000008001750       0x14 build/obj/chqueues.o
                0x0000000008001750                chIQResetI
 *fill*         0x0000000008001764        0xc 
 .text.chIQGetTimeout
                0x0000000008001770       0x50 build/obj/chqueues.o
                0x0000000008001770                chIQGetTimeout
 .text.chIQReadTimeout
                0x00000000080017c0       0x78 build/obj/chqueues.o
                0x00000000080017c0                chIQReadTimeout
 *fill*         0x0000000008001838        0x8 
 .text.chOQObjectInit
                0x0000000008001840       0x1c build/obj/chqueues.o
                0x0000000008001840                chOQObjectInit
 *fill*         0x000000000800185c        0x4 
 .text.chOQResetI
                0x0000000008001860       0x1c build/obj/chqueues.o
                0x0000000008001860                chOQResetI
 *fill*         0x000000000800187c        0x4 
 .text.chOQPutTimeout
                0x0000000008001880       0x50 build/obj/chqueues.o
                0x0000000008001880                chOQPutTimeout
 .text.chOQWriteTimeout
                0x00000000080018d0       0x88 build/obj/chqueues.o
                0x00000000080018d0                chOQWriteTimeout
 *fill*         0x0000000008001958        0x8 
 .text._core_init
                0x0000000008001960       0x28 build/obj/chmemcore.o
                0x0000000008001960                _core_init
 *fill*         0x0000000008001988        0x8 
 .text.chCoreAlloc
                0x0000000008001990       0x34 build/obj/chmemcore.o
                0x0000000008001990                chCoreAlloc
 *fill*         0x00000000080019c4        0xc 
 .text._heap_init
                0x00000000080019d0       0x1c build/obj/chheap.o
                0x00000000080019d0                _heap_init
 *fill*         0x00000000080019ec        0x4 
 .text.chHeapAlloc
                0x00000000080019f0       0x88 build/obj/chheap.o
                0x00000000080019f0                chHeapAlloc
 *fill*         0x0000000008001a78        0x8 
 .text.chHeapFree
                0x0000000008001a80       0x8c build/obj/chheap.o
                0x0000000008001a80                chHeapFree
 *fill*         0x0000000008001b0c        0x4 
 .text.chPoolFree
                0x0000000008001b10       0x14 build/obj/chmempools.o
                0x0000000008001b10                chPoolFree
 *fill*         0x0000000008001b24        0xc 
 .text.SVC_Handler
                0x0000000008001b30       0x2c build/obj/chcore_v7m.o
                0x0000000008001b30                SVC_Handler
 *fill*         0x0000000008001b5c        0x4 
 .text._port_irq_epilogue
                0x0000000008001b60       0x60 build/obj/chcore_v7m.o
                0x0000000008001b60                _port_irq_epilogue
 .text.halInit  0x0000000008001bc0       0x28 build/obj/hal.o
                0x0000000008001bc0                halInit
 *fill*         0x0000000008001be8        0x8 
 .text.stInit   0x0000000008001bf0        0x4 build/obj/st.o
                0x0000000008001bf0                stInit
 *fill*         0x0000000008001bf4        0xc 
 .text.stStartAlarm
                0x0000000008001c00       0x10 build/obj/st.o
                0x0000000008001c00                stStartAlarm
 .text.stStopAlarm
                0x0000000008001c10        0xc build/obj/st.o
                0x0000000008001c10                stStopAlarm
 *fill*         0x0000000008001c1c        0x4 
 .text.stSetAlarm
                0x0000000008001c20        0x8 build/obj/st.o
                0x0000000008001c20                stSetAlarm
 *fill*         0x0000000008001c28        0x8 
 .text.onotify  0x0000000008001c30       0x5c build/obj/serial_usb.o
 *fill*         0x0000000008001c8c        0x4 
 .text.inotify  0x0000000008001c90       0x6c build/obj/serial_usb.o
 *fill*         0x0000000008001cfc        0x4 
 .text.readt    0x0000000008001d00        0x8 build/obj/serial_usb.o
 *fill*         0x0000000008001d08        0x8 
 .text.read     0x0000000008001d10        0xc build/obj/serial_usb.o
 *fill*         0x0000000008001d1c        0x4 
 .text.writet   0x0000000008001d20        0x8 build/obj/serial_usb.o
 *fill*         0x0000000008001d28        0x8 
 .text.write    0x0000000008001d30        0xc build/obj/serial_usb.o
 *fill*         0x0000000008001d3c        0x4 
 .text.gett     0x0000000008001d40        0x8 build/obj/serial_usb.o
 *fill*         0x0000000008001d48        0x8 
 .text.get      0x0000000008001d50        0xc build/obj/serial_usb.o
 *fill*         0x0000000008001d5c        0x4 
 .text.putt     0x0000000008001d60        0x8 build/obj/serial_usb.o
 *fill*         0x0000000008001d68        0x8 
 .text.put      0x0000000008001d70        0xc build/obj/serial_usb.o
 *fill*         0x0000000008001d7c        0x4 
 .text.sduInit  0x0000000008001d80        0x4 build/obj/serial_usb.o
                0x0000000008001d80                sduInit
 *fill*         0x0000000008001d84        0xc 
 .text.sduObjectInit
                0x0000000008001d90       0x4c build/obj/serial_usb.o
                0x0000000008001d90                sduObjectInit
 *fill*         0x0000000008001ddc        0x4 
 .text.sduStart
                0x0000000008001de0       0x34 build/obj/serial_usb.o
                0x0000000008001de0                sduStart
 *fill*         0x0000000008001e14        0xc 
 .text.sduConfigureHookI
                0x0000000008001e20       0x4c build/obj/serial_usb.o
                0x0000000008001e20                sduConfigureHookI
 *fill*         0x0000000008001e6c        0x4 
 .text.sduRequestsHook
                0x0000000008001e70       0x40 build/obj/serial_usb.o
                0x0000000008001e70                sduRequestsHook
 .text.sduDataTransmitted
                0x0000000008001eb0       0x68 build/obj/serial_usb.o
                0x0000000008001eb0                sduDataTransmitted
 *fill*         0x0000000008001f18        0x8 
 .text.sduDataReceived
                0x0000000008001f20       0x6c build/obj/serial_usb.o
                0x0000000008001f20                sduDataReceived
 *fill*         0x0000000008001f8c        0x4 
 .text.sduInterruptTransmitted
                0x0000000008001f90        0x4 build/obj/serial_usb.o
                0x0000000008001f90                sduInterruptTransmitted
 *fill*         0x0000000008001f94        0xc 
 .text.uartInit
                0x0000000008001fa0        0x4 build/obj/uart.o
                0x0000000008001fa0                uartInit
 *fill*         0x0000000008001fa4        0xc 
 .text.uartObjectInit
                0x0000000008001fb0       0x10 build/obj/uart.o
                0x0000000008001fb0                uartObjectInit
 .text.uartStart
                0x0000000008001fc0       0x1c build/obj/uart.o
                0x0000000008001fc0                uartStart
 *fill*         0x0000000008001fdc        0x4 
 .text.uartStartSend
                0x0000000008001fe0       0x1c build/obj/uart.o
                0x0000000008001fe0                uartStartSend
 *fill*         0x0000000008001ffc        0x4 
 .text.usbInit  0x0000000008002000        0x4 build/obj/usb.o
                0x0000000008002000                usbInit
 *fill*         0x0000000008002004        0xc 
 .text.usbObjectInit
                0x0000000008002010       0x18 build/obj/usb.o
                0x0000000008002010                usbObjectInit
 *fill*         0x0000000008002028        0x8 
 .text.usbStart
                0x0000000008002030       0x24 build/obj/usb.o
                0x0000000008002030                usbStart
 *fill*         0x0000000008002054        0xc 
 .text.usbInitEndpointI
                0x0000000008002060       0x30 build/obj/usb.o
                0x0000000008002060                usbInitEndpointI
 .text.usbPrepareQueuedReceive
                0x0000000008002090       0x1c build/obj/usb.o
                0x0000000008002090                usbPrepareQueuedReceive
 *fill*         0x00000000080020ac        0x4 
 .text.usbPrepareQueuedTransmit
                0x00000000080020b0       0x1c build/obj/usb.o
                0x00000000080020b0                usbPrepareQueuedTransmit
 *fill*         0x00000000080020cc        0x4 
 .text.usbStartReceiveI
                0x00000000080020d0       0x24 build/obj/usb.o
                0x00000000080020d0                usbStartReceiveI
 *fill*         0x00000000080020f4        0xc 
 .text.usbStartTransmitI
                0x0000000008002100       0x24 build/obj/usb.o
                0x0000000008002100                usbStartTransmitI
 *fill*         0x0000000008002124        0xc 
 .text._usb_reset
                0x0000000008002130       0x1c build/obj/usb.o
                0x0000000008002130                _usb_reset
 *fill*         0x000000000800214c        0x4 
 .text._usb_ep0setup
                0x0000000008002150      0x340 build/obj/usb.o
                0x0000000008002150                _usb_ep0setup
 .text._usb_ep0in
                0x0000000008002490       0xe4 build/obj/usb.o
                0x0000000008002490                _usb_ep0in
 *fill*         0x0000000008002574        0xc 
 .text._usb_ep0out
                0x0000000008002580       0x98 build/obj/usb.o
                0x0000000008002580                _usb_ep0out
 *fill*         0x0000000008002618        0x8 
 .text.nvicEnableVector
                0x0000000008002620       0x34 build/obj/nvic.o
                0x0000000008002620                nvicEnableVector
 *fill*         0x0000000008002654        0xc 
 .text.Vector6C
                0x0000000008002660       0x28 build/obj/stm32_dma.o
                0x0000000008002660                Vector6C
 *fill*         0x0000000008002688        0x8 
 .text.Vector70
                0x0000000008002690       0x2c build/obj/stm32_dma.o
                0x0000000008002690                Vector70
 *fill*         0x00000000080026bc        0x4 
 .text.Vector74
                0x00000000080026c0       0x2c build/obj/stm32_dma.o
                0x00000000080026c0                Vector74
 *fill*         0x00000000080026ec        0x4 
 .text.Vector78
                0x00000000080026f0       0x2c build/obj/stm32_dma.o
                0x00000000080026f0                Vector78
 *fill*         0x000000000800271c        0x4 
 .text.Vector7C
                0x0000000008002720       0x28 build/obj/stm32_dma.o
                0x0000000008002720                Vector7C
 *fill*         0x0000000008002748        0x8 
 .text.Vector80
                0x0000000008002750       0x2c build/obj/stm32_dma.o
                0x0000000008002750                Vector80
 *fill*         0x000000000800277c        0x4 
 .text.Vector84
                0x0000000008002780       0x2c build/obj/stm32_dma.o
                0x0000000008002780                Vector84
 *fill*         0x00000000080027ac        0x4 
 .text.VectorFC
                0x00000000080027b0       0x2c build/obj/stm32_dma.o
                0x00000000080027b0                VectorFC
 *fill*         0x00000000080027dc        0x4 
 .text.Vector120
                0x00000000080027e0       0x28 build/obj/stm32_dma.o
                0x00000000080027e0                Vector120
 *fill*         0x0000000008002808        0x8 
 .text.Vector124
                0x0000000008002810       0x2c build/obj/stm32_dma.o
                0x0000000008002810                Vector124
 *fill*         0x000000000800283c        0x4 
 .text.Vector128
                0x0000000008002840       0x2c build/obj/stm32_dma.o
                0x0000000008002840                Vector128
 *fill*         0x000000000800286c        0x4 
 .text.Vector12C
                0x0000000008002870       0x2c build/obj/stm32_dma.o
                0x0000000008002870                Vector12C
 *fill*         0x000000000800289c        0x4 
 .text.Vector130
                0x00000000080028a0       0x28 build/obj/stm32_dma.o
                0x00000000080028a0                Vector130
 *fill*         0x00000000080028c8        0x8 
 .text.Vector150
                0x00000000080028d0       0x2c build/obj/stm32_dma.o
                0x00000000080028d0                Vector150
 *fill*         0x00000000080028fc        0x4 
 .text.Vector154
                0x0000000008002900       0x2c build/obj/stm32_dma.o
                0x0000000008002900                Vector154
 *fill*         0x000000000800292c        0x4 
 .text.Vector158
                0x0000000008002930       0x2c build/obj/stm32_dma.o
                0x0000000008002930                Vector158
 *fill*         0x000000000800295c        0x4 
 .text.dmaInit  0x0000000008002960       0x54 build/obj/stm32_dma.o
                0x0000000008002960                dmaInit
 *fill*         0x00000000080029b4        0xc 
 .text.dmaStreamAllocate
                0x00000000080029c0       0x90 build/obj/stm32_dma.o
                0x00000000080029c0                dmaStreamAllocate
 .text.hal_lld_init
                0x0000000008002a50       0x68 build/obj/hal_lld.o
                0x0000000008002a50                hal_lld_init
 *fill*         0x0000000008002ab8        0x8 
 .text.stm32_clock_init
                0x0000000008002ac0       0xc0 build/obj/hal_lld.o
                0x0000000008002ac0                stm32_clock_init
 .text.VectorB0
                0x0000000008002b80       0x2c build/obj/st_lld.o
                0x0000000008002b80                VectorB0
 *fill*         0x0000000008002bac        0x4 
 .text.st_lld_init
                0x0000000008002bb0       0x48 build/obj/st_lld.o
                0x0000000008002bb0                st_lld_init
 *fill*         0x0000000008002bf8        0x8 
 .text._pal_lld_init
                0x0000000008002c00      0x1b0 build/obj/pal_lld.o
                0x0000000008002c00                _pal_lld_init
 .text._pal_lld_setgroupmode
                0x0000000008002db0       0xbc build/obj/pal_lld.o
                0x0000000008002db0                _pal_lld_setgroupmode
 *fill*         0x0000000008002e6c        0x4 
 .text.usb_lld_pump
                0x0000000008002e70      0x38c build/obj/usb_lld.o
                0x0000000008002e70                usb_lld_pump
 *fill*         0x00000000080031fc        0x4 
 .text.otg_disable_ep.isra.0
                0x0000000008003200       0x74 build/obj/usb_lld.o
 *fill*         0x0000000008003274        0xc 
 .text.usb_lld_init
                0x0000000008003280       0x24 build/obj/usb_lld.o
                0x0000000008003280                usb_lld_init
 *fill*         0x00000000080032a4        0xc 
 .text.usb_lld_start
                0x00000000080032b0       0xe4 build/obj/usb_lld.o
                0x00000000080032b0                usb_lld_start
 *fill*         0x0000000008003394        0xc 
 .text.usb_lld_reset
                0x00000000080033a0       0xbc build/obj/usb_lld.o
                0x00000000080033a0                usb_lld_reset
 *fill*         0x000000000800345c        0x4 
 .text.usb_lld_set_address
                0x0000000008003460       0x18 build/obj/usb_lld.o
                0x0000000008003460                usb_lld_set_address
 *fill*         0x0000000008003478        0x8 
 .text.usb_lld_init_endpoint
                0x0000000008003480      0x164 build/obj/usb_lld.o
                0x0000000008003480                usb_lld_init_endpoint
 *fill*         0x00000000080035e4        0xc 
 .text.usb_lld_get_status_out
                0x00000000080035f0       0x1c build/obj/usb_lld.o
                0x00000000080035f0                usb_lld_get_status_out
 *fill*         0x000000000800360c        0x4 
 .text.usb_lld_get_status_in
                0x0000000008003610       0x1c build/obj/usb_lld.o
                0x0000000008003610                usb_lld_get_status_in
 *fill*         0x000000000800362c        0x4 
 .text.usb_lld_read_setup
                0x0000000008003630       0x14 build/obj/usb_lld.o
                0x0000000008003630                usb_lld_read_setup
 *fill*         0x0000000008003644        0xc 
 .text.usb_lld_prepare_receive
                0x0000000008003650       0x40 build/obj/usb_lld.o
                0x0000000008003650                usb_lld_prepare_receive
 .text.otg_epout_handler.constprop.7
                0x0000000008003690       0x9c build/obj/usb_lld.o
 *fill*         0x000000000800372c        0x4 
 .text.usb_lld_prepare_transmit
                0x0000000008003730       0x4c build/obj/usb_lld.o
                0x0000000008003730                usb_lld_prepare_transmit
 *fill*         0x000000000800377c        0x4 
 .text.otg_epin_handler.constprop.8
                0x0000000008003780       0xd0 build/obj/usb_lld.o
 .text.Vector14C
                0x0000000008003850       0xf4 build/obj/usb_lld.o
                0x0000000008003850                Vector14C
 *fill*         0x0000000008003944        0xc 
 .text.usb_lld_start_out
                0x0000000008003950       0x14 build/obj/usb_lld.o
                0x0000000008003950                usb_lld_start_out
 *fill*         0x0000000008003964        0xc 
 .text.usb_lld_start_in
                0x0000000008003970       0x2c build/obj/usb_lld.o
                0x0000000008003970                usb_lld_start_in
 *fill*         0x000000000800399c        0x4 
 .text.usb_lld_stall_out
                0x00000000080039a0       0x14 build/obj/usb_lld.o
                0x00000000080039a0                usb_lld_stall_out
 *fill*         0x00000000080039b4        0xc 
 .text.usb_lld_stall_in
                0x00000000080039c0       0x14 build/obj/usb_lld.o
                0x00000000080039c0                usb_lld_stall_in
 *fill*         0x00000000080039d4        0xc 
 .text.usb_lld_clear_out
                0x00000000080039e0       0x14 build/obj/usb_lld.o
                0x00000000080039e0                usb_lld_clear_out
 *fill*         0x00000000080039f4        0xc 
 .text.usb_lld_clear_in
                0x0000000008003a00       0x14 build/obj/usb_lld.o
                0x0000000008003a00                usb_lld_clear_in
 *fill*         0x0000000008003a14        0xc 
 .text.usart_stop
                0x0000000008003a20       0x48 build/obj/uart_lld.o
 *fill*         0x0000000008003a68        0x8 
 .text.uart_lld_serve_tx_end_irq
                0x0000000008003a70       0x50 build/obj/uart_lld.o
 .text.uart_lld_serve_rx_end_irq
                0x0000000008003ac0       0x90 build/obj/uart_lld.o
 .text.VectorDC
                0x0000000008003b50       0x7c build/obj/uart_lld.o
                0x0000000008003b50                VectorDC
 *fill*         0x0000000008003bcc        0x4 
 .text.uart_lld_init
                0x0000000008003bd0       0x2c build/obj/uart_lld.o
                0x0000000008003bd0                uart_lld_init
 *fill*         0x0000000008003bfc        0x4 
 .text.uart_lld_start
                0x0000000008003c00      0x114 build/obj/uart_lld.o
                0x0000000008003c00                uart_lld_start
 *fill*         0x0000000008003d14        0xc 
 .text.uart_lld_start_send
                0x0000000008003d20       0x34 build/obj/uart_lld.o
                0x0000000008003d20                uart_lld_start_send
 *fill*         0x0000000008003d54        0xc 
 .text.__early_init
                0x0000000008003d60        0x4 build/obj/board.o
                0x0000000008003d60                __early_init
 *fill*         0x0000000008003d64        0xc 
 .text.boardInit
                0x0000000008003d70        0x4 build/obj/board.o
                0x0000000008003d70                boardInit
 *fill*         0x0000000008003d74        0xc 
 .text.chprintf
                0x0000000008003d80       0x1c build/obj/shell.o
 *fill*         0x0000000008003d9c        0x4 
 .text.cmd_systime
                0x0000000008003da0       0x30 build/obj/shell.o
 .text.cmd_info
                0x0000000008003dd0       0xbc build/obj/shell.o
 *fill*         0x0000000008003e8c        0x4 
 .text._strtok.constprop.2
                0x0000000008003e90       0x44 build/obj/shell.o
 *fill*         0x0000000008003ed4        0xc 
 .text.shellInit
                0x0000000008003ee0        0xc build/obj/shell.o
                0x0000000008003ee0                shellInit
 *fill*         0x0000000008003eec        0x4 
 .text.shellCreate
                0x0000000008003ef0       0x18 build/obj/shell.o
                0x0000000008003ef0                shellCreate
 *fill*         0x0000000008003f08        0x8 
 .text.shellGetLine
                0x0000000008003f10       0xac build/obj/shell.o
                0x0000000008003f10                shellGetLine
 *fill*         0x0000000008003fbc        0x4 
 .text.shell_thread
                0x0000000008003fc0      0x1c0 build/obj/shell.o
 .text.chvprintf
                0x0000000008004180      0x594 build/obj/chprintf.o
                0x0000000008004180                chvprintf
 *fill*         0x0000000008004714        0xc 
 .text.chprintf.constprop.1
                0x0000000008004720       0x20 build/obj/main.o
 .text.cmd_val  0x0000000008004740       0x14 build/obj/main.o
 *fill*         0x0000000008004754        0xc 
 .text.main_printf
                0x0000000008004760       0x24 build/obj/main.o
                0x0000000008004760                main_printf
 *fill*         0x0000000008004784        0xc 
 .text.bldc_val_received
                0x0000000008004790      0x118 build/obj/main.o
                0x0000000008004790                bldc_val_received
 *fill*         0x00000000080048a8        0x8 
 .text.startup.main
                0x00000000080048b0       0x80 build/obj/main.o
                0x00000000080048b0                main
 .text.get_descriptor
                0x0000000008004930       0x30 build/obj/comm_usb_serial.o
 .text.usb_event
                0x0000000008004960       0x40 build/obj/comm_usb_serial.o
 .text.comm_usb_serial_init
                0x00000000080049a0       0x4c build/obj/comm_usb_serial.o
                0x00000000080049a0                comm_usb_serial_init
 *fill*         0x00000000080049ec        0x4 
 .text.send_packet_no_fwd.part.0
                0x00000000080049f0       0x10 build/obj/bldc_interface.o
 .text.bldc_interface_init
                0x0000000008004a00        0xc build/obj/bldc_interface.o
                0x0000000008004a00                bldc_interface_init
 *fill*         0x0000000008004a0c        0x4 
 .text.bldc_interface_process_packet
                0x0000000008004a10      0xb34 build/obj/bldc_interface.o
                0x0000000008004a10                bldc_interface_process_packet
 *fill*         0x0000000008005544        0xc 
 .text.bldc_interface_set_rx_value_func
                0x0000000008005550        0xc build/obj/bldc_interface.o
                0x0000000008005550                bldc_interface_set_rx_value_func
 *fill*         0x000000000800555c        0x4 
 .text.bldc_interface_get_values
                0x0000000008005560       0x28 build/obj/bldc_interface.o
                0x0000000008005560                bldc_interface_get_values
 *fill*         0x0000000008005588        0x8 
 .text.bldc_interface_fault_to_string
                0x0000000008005590       0x18 build/obj/bldc_interface.o
                0x0000000008005590                bldc_interface_fault_to_string
 *fill*         0x00000000080055a8        0x8 
 .text.buffer_get_uint16
                0x00000000080055b0       0x14 build/obj/buffer.o
                0x00000000080055b0                buffer_get_uint16
 *fill*         0x00000000080055c4        0xc 
 .text.buffer_get_int32
                0x00000000080055d0       0x24 build/obj/buffer.o
                0x00000000080055d0                buffer_get_int32
 *fill*         0x00000000080055f4        0xc 
 .text.buffer_get_uint32
                0x0000000008005600       0x24 build/obj/buffer.o
                0x0000000008005600                buffer_get_uint32
 *fill*         0x0000000008005624        0xc 
 .text.buffer_get_float16
                0x0000000008005630       0x20 build/obj/buffer.o
                0x0000000008005630                buffer_get_float16
 .text.buffer_get_float32
                0x0000000008005650       0x14 build/obj/buffer.o
                0x0000000008005650                buffer_get_float32
 *fill*         0x0000000008005664        0xc 
 .text.buffer_get_float32_auto
                0x0000000008005670       0x48 build/obj/buffer.o
                0x0000000008005670                buffer_get_float32_auto
 *fill*         0x00000000080056b8        0x8 
 .text.packet_init
                0x00000000080056c0       0x14 build/obj/packet.o
                0x00000000080056c0                packet_init
 *fill*         0x00000000080056d4        0xc 
 .text.packet_send_packet
                0x00000000080056e0       0x8c build/obj/packet.o
                0x00000000080056e0                packet_send_packet
 *fill*         0x000000000800576c        0x4 
 .text.packet_timerfunc
                0x0000000008005770       0x1c build/obj/packet.o
                0x0000000008005770                packet_timerfunc
 *fill*         0x000000000800578c        0x4 
 .text.packet_process_byte
                0x0000000008005790      0x13c build/obj/packet.o
                0x0000000008005790                packet_process_byte
 *fill*         0x00000000080058cc        0x4 
 .text.crc16    0x00000000080058d0       0x30 build/obj/crc.o
                0x00000000080058d0                crc16
 .text.txend1   0x0000000008005900        0x4 build/obj/comm_uart.o
 *fill*         0x0000000008005904        0xc 
 .text.rxerr    0x0000000008005910        0x4 build/obj/comm_uart.o
 *fill*         0x0000000008005914        0xc 
 .text.timer_thread
                0x0000000008005920       0x20 build/obj/comm_uart.o
 .text.packet_process_thread
                0x0000000008005940       0x58 build/obj/comm_uart.o
 *fill*         0x0000000008005998        0x8 
 .text.rxchar   0x00000000080059a0       0x34 build/obj/comm_uart.o
 *fill*         0x00000000080059d4        0xc 
 .text.send_packet
                0x00000000080059e0       0x44 build/obj/comm_uart.o
 *fill*         0x0000000008005a24        0xc 
 .text.rxend    0x0000000008005a30        0x4 build/obj/comm_uart.o
 *fill*         0x0000000008005a34        0xc 
 .text.txend2   0x0000000008005a40        0x4 build/obj/comm_uart.o
 *fill*         0x0000000008005a44        0xc 
 .text.comm_uart_init
                0x0000000008005a50       0x78 build/obj/comm_uart.o
                0x0000000008005a50                comm_uart_init
 *fill*         0x0000000008005ac8        0x8 
 .text.send_packet_bldc_interface
                0x0000000008005ad0        0x8 build/obj/bldc_interface_uart.o
 *fill*         0x0000000008005ad8        0x8 
 .text.process_packet
                0x0000000008005ae0        0x4 build/obj/bldc_interface_uart.o
 *fill*         0x0000000008005ae4        0xc 
 .text.bldc_interface_uart_init
                0x0000000008005af0       0x1c build/obj/bldc_interface_uart.o
                0x0000000008005af0                bldc_interface_uart_init
 *fill*         0x0000000008005b0c        0x4 
 .text.bldc_interface_uart_process_byte
                0x0000000008005b10        0x8 build/obj/bldc_interface_uart.o
                0x0000000008005b10                bldc_interface_uart_process_byte
 *fill*         0x0000000008005b18        0x8 
 .text.bldc_interface_uart_run_timer
                0x0000000008005b20        0x4 build/obj/bldc_interface_uart.o
                0x0000000008005b20                bldc_interface_uart_run_timer
 *fill*         0x0000000008005b24        0xc 
 .text.ldexpf   0x0000000008005b30       0x58 /usr/bin/../lib/gcc/arm-none-eabi/7.3.1/../../../../arm-none-eabi/lib/thumb/v7e-m/fpv4-sp/hard/libg.a(lib_a-sf_ldexp.o)
                0x0000000008005b30                ldexpf
 *fill*         0x0000000008005b88        0x8 
 .text.scalbnf  0x0000000008005b90       0xd0 /usr/bin/../lib/gcc/arm-none-eabi/7.3.1/../../../../arm-none-eabi/lib/thumb/v7e-m/fpv4-sp/hard/libg.a(lib_a-sf_scalbn.o)
                0x0000000008005b90                scalbnf
 .text.strcasecmp
                0x0000000008005c60       0x44 /usr/bin/../lib/gcc/arm-none-eabi/7.3.1/../../../../arm-none-eabi/lib/thumb/v7e-m/fpv4-sp/hard/libg.a(lib_a-strcasecmp.o)
                0x0000000008005c60                strcasecmp
 *fill*         0x0000000008005ca4        0xc 
 .text.strpbrk  0x0000000008005cb0       0x44 /usr/bin/../lib/gcc/arm-none-eabi/7.3.1/../../../../arm-none-eabi/lib/thumb/v7e-m/fpv4-sp/hard/libg.a(lib_a-strpbrk.o)
                0x0000000008005cb0                strpbrk
 *fill*         0x0000000008005cf4        0xc 
 .text.strspn   0x0000000008005d00       0x34 /usr/bin/../lib/gcc/arm-none-eabi/7.3.1/../../../../arm-none-eabi/lib/thumb/v7e-m/fpv4-sp/hard/libg.a(lib_a-strspn.o)
                0x0000000008005d00                strspn
 *fill*         0x0000000008005d34        0xc 
 .text.__errno  0x0000000008005d40        0xc /usr/bin/../lib/gcc/arm-none-eabi/7.3.1/../../../../arm-none-eabi/lib/thumb/v7e-m/fpv4-sp/hard/libg.a(lib_a-errno.o)
                0x0000000008005d40                __errno
 *fill*         0x0000000008005d4c        0x4 
 .text.__locale_ctype_ptr
                0x0000000008005d50       0x1c /usr/bin/../lib/gcc/arm-none-eabi/7.3.1/../../../../arm-none-eabi/lib/thumb/v7e-m/fpv4-sp/hard/libg.a(lib_a-locale.o)
                0x0000000008005d50                __locale_ctype_ptr
 *fill*         0x0000000008005d6c        0x4 
 .text.__ascii_mbtowc
                0x0000000008005d70       0x2c /usr/bin/../lib/gcc/arm-none-eabi/7.3.1/../../../../arm-none-eabi/lib/thumb/v7e-m/fpv4-sp/hard/libg.a(lib_a-mbtowc_r.o)
                0x0000000008005d70                __ascii_mbtowc
 *fill*         0x0000000008005d9c        0x4 
 .text.copysignf
                0x0000000008005da0       0x18 /usr/bin/../lib/gcc/arm-none-eabi/7.3.1/../../../../arm-none-eabi/lib/thumb/v7e-m/fpv4-sp/hard/libg.a(lib_a-sf_copysign.o)
                0x0000000008005da0                copysignf
 *fill*         0x0000000008005db8        0x8 
 .text.finitef  0x0000000008005dc0       0x14 /usr/bin/../lib/gcc/arm-none-eabi/7.3.1/../../../../arm-none-eabi/lib/thumb/v7e-m/fpv4-sp/hard/libg.a(lib_a-sf_finite.o)
                0x0000000008005dc0                finitef
 *fill*         0x0000000008005dd4        0xc 
 .text.__ascii_wctomb
                0x0000000008005de0       0x1c /usr/bin/../lib/gcc/arm-none-eabi/7.3.1/../../../../arm-none-eabi/lib/thumb/v7e-m/fpv4-sp/hard/libg.a(lib_a-wctomb_r.o)
                0x0000000008005de0                __ascii_wctomb
 *(.rodata)
 *(.rodata.*)
 *fill*         0x0000000008005dfc        0x4 
 .rodata.chSysInit.str1.4
                0x0000000008005e00        0x5 build/obj/chsys.o
 *fill*         0x0000000008005e05        0xb 
 .rodata.ch_debug
                0x0000000008005e10       0x16 build/obj/chregistry.o
                0x0000000008005e10                ch_debug
 *fill*         0x0000000008005e26        0xa 
 .rodata.vmt    0x0000000008005e30       0x20 build/obj/serial_usb.o
 .rodata.active_status
                0x0000000008005e50        0x2 build/obj/usb.o
 *fill*         0x0000000008005e52        0xe 
 .rodata.halted_status
                0x0000000008005e60        0x2 build/obj/usb.o
 *fill*         0x0000000008005e62        0xe 
 .rodata.zero_status
                0x0000000008005e70        0x2 build/obj/usb.o
 *fill*         0x0000000008005e72        0xe 
 .rodata._stm32_dma_streams
                0x0000000008005e80       0xc0 build/obj/stm32_dma.o
                0x0000000008005e80                _stm32_dma_streams
 .rodata.ep0config
                0x0000000008005f40       0x24 build/obj/usb_lld.o
 *fill*         0x0000000008005f64        0xc 
 .rodata.fsparams
                0x0000000008005f70        0xc build/obj/usb_lld.o
 *fill*         0x0000000008005f7c        0x4 
 .rodata.usb_lld_pump.str1.4
                0x0000000008005f80        0xd build/obj/usb_lld.o
 *fill*         0x0000000008005f8d        0x3 
 .rodata.uart_lld_serve_tx_end_irq.str1.4
                0x0000000008005f90        0xc build/obj/uart_lld.o
 *fill*         0x0000000008005f9c        0x4 
 .rodata.pal_default_config
                0x0000000008005fa0       0xfc build/obj/board.o
                0x0000000008005fa0                pal_default_config
 *fill*         0x000000000800609c        0x4 
 .rodata._strtok.constprop.2.str1.4
                0x00000000080060a0        0x3 build/obj/shell.o
 *fill*         0x00000000080060a3        0xd 
 .rodata.cmd_info.str1.4
                0x00000000080060b0      0x199 build/obj/shell.o
 *fill*         0x0000000008006249        0x7 
 .rodata.cmd_systime.str1.4
                0x0000000008006250       0x1a build/obj/shell.o
 *fill*         0x000000000800626a        0x6 
 .rodata.shellGetLine.str1.4
                0x0000000008006270        0x3 build/obj/shell.o
                                          0x7 (size before relaxing)
 *fill*         0x0000000008006273        0xd 
 .rodata.shell_thread.str1.4
                0x0000000008006280       0x81 build/obj/shell.o
 *fill*         0x0000000008006301        0xf 
 .rodata.chvprintf.str1.4
                0x0000000008006310        0x7 build/obj/chprintf.o
 *fill*         0x0000000008006317        0x9 
 .rodata.pow10  0x0000000008006320       0x24 build/obj/chprintf.o
 *fill*         0x0000000008006344        0xc 
 .rodata.bldc_val_received.str1.4
                0x0000000008006350      0x158 build/obj/main.o
                                        0x15c (size before relaxing)
 *fill*         0x00000000080064a8        0x8 
 .rodata.chprintf.constprop.1.str1.4
                0x00000000080064b0        0xd build/obj/main.o
 *fill*         0x00000000080064bd        0x3 
 .rodata.commands
                0x00000000080064c0       0x10 build/obj/main.o
 .rodata.shell_cfg1
                0x00000000080064d0        0x8 build/obj/main.o
 *fill*         0x00000000080064d8        0x8 
 .rodata.str1.4
                0x00000000080064e0        0x4 build/obj/main.o
 *fill*         0x00000000080064e4        0xc 
 .rodata.ep1config
                0x00000000080064f0       0x24 build/obj/comm_usb_serial.o
 *fill*         0x0000000008006514        0xc 
 .rodata.ep2config
                0x0000000008006520       0x24 build/obj/comm_usb_serial.o
 *fill*         0x0000000008006544        0xc 
 .rodata.serusbcfg
                0x0000000008006550        0x8 build/obj/comm_usb_serial.o
                0x0000000008006550                serusbcfg
 *fill*         0x0000000008006558        0x8 
 .rodata.usbcfg
                0x0000000008006560       0x10 build/obj/comm_usb_serial.o
 .rodata.vcom_configuration_descriptor
                0x0000000008006570        0x8 build/obj/comm_usb_serial.o
 *fill*         0x0000000008006578        0x8 
 .rodata.vcom_configuration_descriptor_data
                0x0000000008006580       0x43 build/obj/comm_usb_serial.o
 *fill*         0x00000000080065c3        0xd 
 .rodata.vcom_device_descriptor
                0x00000000080065d0        0x8 build/obj/comm_usb_serial.o
 *fill*         0x00000000080065d8        0x8 
 .rodata.vcom_device_descriptor_data
                0x00000000080065e0       0x12 build/obj/comm_usb_serial.o
 *fill*         0x00000000080065f2        0xe 
 .rodata.vcom_string0
                0x0000000008006600        0x4 build/obj/comm_usb_serial.o
 *fill*         0x0000000008006604        0xc 
 .rodata.vcom_string1
                0x0000000008006610       0x26 build/obj/comm_usb_serial.o
 *fill*         0x0000000008006636        0xa 
 .rodata.vcom_string2
                0x0000000008006640       0x38 build/obj/comm_usb_serial.o
 *fill*         0x0000000008006678        0x8 
 .rodata.vcom_string3
                0x0000000008006680        0x8 build/obj/comm_usb_serial.o
 *fill*         0x0000000008006688        0x8 
 .rodata.vcom_strings
                0x0000000008006690       0x20 build/obj/comm_usb_serial.o
 .rodata.CSWTCH.404
                0x00000000080066b0       0x1c build/obj/bldc_interface.o
 *fill*         0x00000000080066cc        0x4 
 .rodata.bldc_interface_fault_to_string.str1.4
                0x00000000080066d0        0xe build/obj/bldc_interface.o
 *fill*         0x00000000080066de        0x2 
 .rodata.str1.4
                0x00000000080066e0       0xa7 build/obj/bldc_interface.o
 *fill*         0x0000000008006787        0x9 
 .rodata.crc16_tab
                0x0000000008006790      0x200 build/obj/crc.o
                0x0000000008006790                crc16_tab
 .rodata.packet_process_thread.str1.4
                0x0000000008006990        0xa build/obj/comm_uart.o
 *fill*         0x000000000800699a        0x6 
 .rodata.timer_thread.str1.4
                0x00000000080069a0        0xd build/obj/comm_uart.o
 *fill*         0x00000000080069ad        0x3 
 .rodata._setlocale_r.str1.4
                0x00000000080069b0        0xa /usr/bin/../lib/gcc/arm-none-eabi/7.3.1/../../../../arm-none-eabi/lib/thumb/v7e-m/fpv4-sp/hard/libg.a(lib_a-locale.o)
                                          0xd (size before relaxing)
 *fill*         0x00000000080069ba        0x6 
 .rodata.str1.4
                0x00000000080069c0        0x4 /usr/bin/../lib/gcc/arm-none-eabi/7.3.1/../../../../arm-none-eabi/lib/thumb/v7e-m/fpv4-sp/hard/libg.a(lib_a-locale.o)
                                          0x2 (size before relaxing)
 *fill*         0x00000000080069c4        0xc 
 .rodata._ctype_
                0x00000000080069d0      0x101 /usr/bin/../lib/gcc/arm-none-eabi/7.3.1/../../../../arm-none-eabi/lib/thumb/v7e-m/fpv4-sp/hard/libg.a(lib_a-ctype_.o)
                0x00000000080069d0                _ctype_
 *(.glue_7t)
 .glue_7t       0x0000000008006ad1        0x0 linker stubs
 *(.glue_7)
 .glue_7        0x0000000008006ad1        0x0 linker stubs
 *(.gcc*)

.vfp11_veneer   0x0000000008006ad4        0x0
 .vfp11_veneer  0x0000000008006ad4        0x0 linker stubs

.v4_bx          0x0000000008006ad4        0x0
 .v4_bx         0x0000000008006ad4        0x0 linker stubs

.iplt           0x0000000008006ad4        0x0
 .iplt          0x0000000008006ad4        0x0 build/obj/crt0_v7m.o

.rel.dyn        0x0000000008006ad4        0x0
 .rel.iplt      0x0000000008006ad4        0x0 build/obj/crt0_v7m.o

.ARM.extab
 *(.ARM.extab* .gnu.linkonce.armextab.*)

.ARM.exidx      0x0000000008006ad1        0x0
                [!provide]                        PROVIDE (__exidx_start = .)
 *(.ARM.exidx* .gnu.linkonce.armexidx.*)
                [!provide]                        PROVIDE (__exidx_end = .)

.eh_frame_hdr
 *(.eh_frame_hdr)

.eh_frame
 *(.eh_frame)

.textalign      0x0000000008006ad1        0x7
                0x0000000008006ad8                . = ALIGN (0x8)
 *fill*         0x0000000008006ad1        0x7 
                0x0000000008006ad8                . = ALIGN (0x4)
                0x0000000008006ad8                _etext = .
                0x0000000008006ad8                _textdata = _etext

.mstack         0x0000000020000000      0x400
                0x0000000020000000                . = ALIGN (0x8)
                0x0000000020000000                __main_stack_base__ = .
                0x0000000020000400                . = (. + __main_stack_size__)
 *fill*         0x0000000020000000      0x400 
                0x0000000020000400                . = ALIGN (0x8)
                0x0000000020000400                __main_stack_end__ = .

.pstack         0x0000000020000400      0x400
                0x0000000020000400                __process_stack_base__ = .
                0x0000000020000400                __main_thread_stack_base__ = .
                0x0000000020000800                . = (. + __process_stack_size__)
 *fill*         0x0000000020000400      0x400 
                0x0000000020000800                . = ALIGN (0x8)
                0x0000000020000800                __process_stack_end__ = .
                0x0000000020000800                __main_thread_stack_end__ = .

.data           0x0000000020000800      0x5dc load address 0x0000000008006ad8
                0x0000000020000800                . = ALIGN (0x4)
                0x0000000020000800                PROVIDE (_data = .)
 *(.data)
 *(.data.*)
 .data.linecoding
                0x0000000020000800        0x7 build/obj/serial_usb.o
 *fill*         0x0000000020000807        0x1 
 .data.local_commands
                0x0000000020000808       0x18 build/obj/shell.o
 .data.uart_cfg
                0x0000000020000820       0x20 build/obj/comm_uart.o
 .data._impure_ptr
                0x0000000020000840        0x4 /usr/bin/../lib/gcc/arm-none-eabi/7.3.1/../../../../arm-none-eabi/lib/thumb/v7e-m/fpv4-sp/hard/libg.a(lib_a-impure.o)
                0x0000000020000840                _impure_ptr
 *fill*         0x0000000020000844        0x4 
 .data.impure_data
                0x0000000020000848      0x428 /usr/bin/../lib/gcc/arm-none-eabi/7.3.1/../../../../arm-none-eabi/lib/thumb/v7e-m/fpv4-sp/hard/libg.a(lib_a-impure.o)
 .data.__global_locale
                0x0000000020000c70      0x16c /usr/bin/../lib/gcc/arm-none-eabi/7.3.1/../../../../arm-none-eabi/lib/thumb/v7e-m/fpv4-sp/hard/libg.a(lib_a-locale.o)
                0x0000000020000c70                __global_locale
 *(.ramtext)
                0x0000000020000ddc                . = ALIGN (0x4)
                0x0000000020000ddc                PROVIDE (_edata = .)

.igot.plt       0x0000000020000ddc        0x0 load address 0x00000000080070b4
 .igot.plt      0x0000000020000ddc        0x0 build/obj/crt0_v7m.o

.bss            0x0000000020000de0     0x2d48 load address 0x00000000080070b4
                0x0000000020000de0                . = ALIGN (0x4)
                0x0000000020000de0                PROVIDE (_bss_start = .)
 *(.bss)
 *(.bss.*)
 .bss.ch        0x0000000020000de0      0x1d8 build/obj/chschd.o
                0x0000000020000de0                ch
 .bss.endmem    0x0000000020000fb8        0x4 build/obj/chmemcore.o
 .bss.nextmem   0x0000000020000fbc        0x4 build/obj/chmemcore.o
 .bss.default_heap
                0x0000000020000fc0       0x20 build/obj/chheap.o
 .bss.dma_isr_redir
                0x0000000020000fe0       0x80 build/obj/stm32_dma.o
 .bss.dma_streams_mask
                0x0000000020001060        0x4 build/obj/stm32_dma.o
 *fill*         0x0000000020001064        0x4 
 .bss.USBD1     0x0000000020001068      0x238 build/obj/usb_lld.o
                0x0000000020001068                USBD1
 .bss.ep0_state
                0x00000000200012a0       0x14 build/obj/usb_lld.o
 .bss.ep0setup_buffer
                0x00000000200012b4        0x8 build/obj/usb_lld.o
 .bss.UARTD3    0x00000000200012bc       0x1c build/obj/uart_lld.o
                0x00000000200012bc                UARTD3
 .bss.shell_terminated
                0x00000000200012d8        0x4 build/obj/shell.o
                0x00000000200012d8                shell_terminated
 .bss.SDU1      0x00000000200012dc      0x258 build/obj/comm_usb_serial.o
                0x00000000200012dc                SDU1
 .bss.ep1instate
                0x0000000020001534       0x14 build/obj/comm_usb_serial.o
 .bss.ep1outstate
                0x0000000020001548       0x14 build/obj/comm_usb_serial.o
 .bss.ep2instate
                0x000000002000155c       0x14 build/obj/comm_usb_serial.o
 .bss.appconf   0x0000000020001570       0xc8 build/obj/bldc_interface.o
 .bss.dec_adc   0x0000000020001638        0x4 build/obj/bldc_interface.o
 .bss.dec_ppm   0x000000002000163c        0x4 build/obj/bldc_interface.o
 .bss.detect_cycle_int_limit
                0x0000000020001640        0x4 build/obj/bldc_interface.o
 .bss.detect_hall_table
                0x0000000020001644        0x8 build/obj/bldc_interface.o
 .bss.forward_func
                0x000000002000164c        0x4 build/obj/bldc_interface.o
 .bss.mcconf    0x0000000020001650      0x184 build/obj/bldc_interface.o
 .bss.rx_appconf_func
                0x00000000200017d4        0x4 build/obj/bldc_interface.o
 .bss.rx_appconf_received_func
                0x00000000200017d8        0x4 build/obj/bldc_interface.o
 .bss.rx_dec_adc_func
                0x00000000200017dc        0x4 build/obj/bldc_interface.o
 .bss.rx_dec_chuk_func
                0x00000000200017e0        0x4 build/obj/bldc_interface.o
 .bss.rx_dec_ppm_func
                0x00000000200017e4        0x4 build/obj/bldc_interface.o
 .bss.rx_detect_func
                0x00000000200017e8        0x4 build/obj/bldc_interface.o
 .bss.rx_mcconf_func
                0x00000000200017ec        0x4 build/obj/bldc_interface.o
 .bss.rx_mcconf_received_func
                0x00000000200017f0        0x4 build/obj/bldc_interface.o
 .bss.rx_printf_func
                0x00000000200017f4        0x4 build/obj/bldc_interface.o
 .bss.rx_rotor_pos_func
                0x00000000200017f8        0x4 build/obj/bldc_interface.o
 .bss.rx_value_func
                0x00000000200017fc        0x4 build/obj/bldc_interface.o
 .bss.send_buffer
                0x0000000020001800      0x400 build/obj/bldc_interface.o
 .bss.send_func
                0x0000000020001c00        0x4 build/obj/bldc_interface.o
 .bss.values    0x0000000020001c04       0x48 build/obj/bldc_interface.o
 .bss.values_requested_func
                0x0000000020001c4c        0x4 build/obj/bldc_interface.o
 .bss.handler_states
                0x0000000020001c50      0x420 build/obj/packet.o
 .bss.buffer.9160
                0x0000000020002070      0x205 build/obj/comm_uart.o
 *fill*         0x0000000020002275        0x3 
 .bss.packet_process_thread_wa
                0x0000000020002278     0x1150 build/obj/comm_uart.o
 .bss.process_tp
                0x00000000200033c8        0x4 build/obj/comm_uart.o
 .bss.serial_rx_buffer
                0x00000000200033cc      0x400 build/obj/comm_uart.o
 .bss.serial_rx_read_pos
                0x00000000200037cc        0x4 build/obj/comm_uart.o
 .bss.serial_rx_write_pos
                0x00000000200037d0        0x4 build/obj/comm_uart.o
 *fill*         0x00000000200037d4        0x4 
 .bss.timer_thread_wa
                0x00000000200037d8      0x350 build/obj/comm_uart.o
 *(COMMON)
                0x0000000020003b28                . = ALIGN (0x4)
                0x0000000020003b28                PROVIDE (_bss_end = .)
                [!provide]                        PROVIDE (end = .)

.ram0           0x0000000020003b28        0x0 load address 0x00000000080070b4
                0x0000000020003b28                . = ALIGN (0x4)
 *(.ram0)
 *(.ram0.*)
                0x0000000020003b28                . = ALIGN (0x4)
                0x0000000020003b28                __ram0_free__ = .

.ram1           0x0000000020000000        0x0
                0x0000000020000000                . = ALIGN (0x4)
 *(.ram1)
 *(.ram1.*)
                0x0000000020000000                . = ALIGN (0x4)
                0x0000000020000000                __ram1_free__ = .

.ram2           0x000000002001c000        0x0
                0x000000002001c000                . = ALIGN (0x4)
 *(.ram2)
 *(.ram2.*)
                0x000000002001c000                . = ALIGN (0x4)
                0x000000002001c000                __ram2_free__ = .

.ram3           0x0000000000000000        0x0
                0x0000000000000000                . = ALIGN (0x4)
 *(.ram3)
 *(.ram3.*)
                0x0000000000000000                . = ALIGN (0x4)
                0x0000000000000000                __ram3_free__ = .

.ram4           0x0000000010000000        0x0
                0x0000000010000000                . = ALIGN (0x4)
 *(.ram4)
 *(.ram4.*)
                0x0000000010000000                . = ALIGN (0x4)
                0x0000000010000000                __ram4_free__ = .

.ram5           0x0000000040024000        0x0
                0x0000000040024000                . = ALIGN (0x4)
 *(.ram5)
 *(.ram5.*)
                0x0000000040024000                . = ALIGN (0x4)
                0x0000000040024000                __ram5_free__ = .

.ram6           0x0000000000000000        0x0
                0x0000000000000000                . = ALIGN (0x4)
 *(.ram6)
 *(.ram6.*)
                0x0000000000000000                . = ALIGN (0x4)
                0x0000000000000000                __ram6_free__ = .

.ram7           0x0000000000000000        0x0
                0x0000000000000000                . = ALIGN (0x4)
 *(.ram7)
 *(.ram7.*)
                0x0000000000000000                . = ALIGN (0x4)
                0x0000000000000000                __ram7_free__ = .
                0x0000000020003b28                __heap_base__ = __ram0_free__
                0x0000000020020000                __heap_end__ = __ram0_end__
                0x0000000000000400                __process_stack_size__ = 0x400
                0x0000000000000400                __main_stack_size__ = 0x400
START GROUP
LOAD /usr/bin/../lib/gcc/arm-none-eabi/7.3.1/thumb/v7e-m/fpv4-sp/hard/libgcc.a
LOAD /usr/bin/../lib/gcc/arm-none-eabi/7.3.1/../../../../arm-none-eabi/lib/thumb/v7e-m/fpv4-sp/hard/libg.a
LOAD /usr/bin/../lib/gcc/arm-none-eabi/7.3.1/../../../../arm-none-eabi/lib/thumb/v7e-m/fpv4-sp/hard/libc.a
END GROUP
OUTPUT(build/bldc_uart_test.elf elf32-littlearm)

.ARM.attributes
                0x0000000000000000       0x35
 .ARM.attributes
                0x0000000000000000       0x25 build/obj/crt0_v7m.o
 .ARM.attributes
                0x0000000000000025       0x25 build/obj/chcoreasm_v7m.o
 .ARM.attributes
                0x000000000000004a       0x39 build/obj/crt1.o
 .ARM.attributes
                0x0000000000000083       0x39 build/obj/vectors.o
 .ARM.attributes
                0x00000000000000bc       0x39 build/obj/chsys.o
 .ARM.attributes
                0x00000000000000f5       0x39 build/obj/chvt.o
 .ARM.attributes
                0x000000000000012e       0x39 build/obj/chschd.o
 .ARM.attributes
                0x0000000000000167       0x39 build/obj/chthreads.o
 .ARM.attributes
                0x00000000000001a0       0x39 build/obj/chtm.o
 .ARM.attributes
                0x00000000000001d9       0x39 build/obj/chdynamic.o
 .ARM.attributes
                0x0000000000000212       0x39 build/obj/chregistry.o
 .ARM.attributes
                0x000000000000024b       0x39 build/obj/chmtx.o
 .ARM.attributes
                0x0000000000000284       0x39 build/obj/chevents.o
 .ARM.attributes
                0x00000000000002bd       0x39 build/obj/chqueues.o
 .ARM.attributes
                0x00000000000002f6       0x39 build/obj/chmemcore.o
 .ARM.attributes
                0x000000000000032f       0x39 build/obj/chheap.o
 .ARM.attributes
                0x0000000000000368       0x39 build/obj/chmempools.o
 .ARM.attributes
                0x00000000000003a1       0x39 build/obj/chcore_v7m.o
 .ARM.attributes
                0x00000000000003da       0x39 build/obj/hal.o
 .ARM.attributes
                0x0000000000000413       0x39 build/obj/st.o
 .ARM.attributes
                0x000000000000044c       0x39 build/obj/serial_usb.o
 .ARM.attributes
                0x0000000000000485       0x39 build/obj/uart.o
 .ARM.attributes
                0x00000000000004be       0x39 build/obj/usb.o
 .ARM.attributes
                0x00000000000004f7       0x39 build/obj/nvic.o
 .ARM.attributes
                0x0000000000000530       0x39 build/obj/stm32_dma.o
 .ARM.attributes
                0x0000000000000569       0x39 build/obj/hal_lld.o
 .ARM.attributes
                0x00000000000005a2       0x39 build/obj/st_lld.o
 .ARM.attributes
                0x00000000000005db       0x39 build/obj/pal_lld.o
 .ARM.attributes
                0x0000000000000614       0x39 build/obj/usb_lld.o
 .ARM.attributes
                0x000000000000064d       0x39 build/obj/uart_lld.o
 .ARM.attributes
                0x0000000000000686       0x39 build/obj/board.o
 .ARM.attributes
                0x00000000000006bf       0x39 build/obj/shell.o
 .ARM.attributes
                0x00000000000006f8       0x39 build/obj/chprintf.o
 .ARM.attributes
                0x0000000000000731       0x39 build/obj/main.o
 .ARM.attributes
                0x000000000000076a       0x39 build/obj/comm_usb_serial.o
 .ARM.attributes
                0x00000000000007a3       0x39 build/obj/bldc_interface.o
 .ARM.attributes
                0x00000000000007dc       0x39 build/obj/buffer.o
 .ARM.attributes
                0x0000000000000815       0x39 build/obj/packet.o
 .ARM.attributes
                0x000000000000084e       0x39 build/obj/crc.o
 .ARM.attributes
                0x0000000000000887       0x39 build/obj/comm_uart.o
 .ARM.attributes
                0x00000000000008c0       0x39 build/obj/bldc_interface_uart.o
 .ARM.attributes
                0x00000000000008f9       0x22 /usr/bin/../lib/gcc/arm-none-eabi/7.3.1/thumb/v7e-m/fpv4-sp/hard/libgcc.a(_arm_addsubdf3.o)
 .ARM.attributes
                0x000000000000091b       0x22 /usr/bin/../lib/gcc/arm-none-eabi/7.3.1/thumb/v7e-m/fpv4-sp/hard/libgcc.a(_arm_muldivdf3.o)
 .ARM.attributes
                0x000000000000093d       0x22 /usr/bin/../lib/gcc/arm-none-eabi/7.3.1/thumb/v7e-m/fpv4-sp/hard/libgcc.a(_arm_fixdfsi.o)
 .ARM.attributes
                0x000000000000095f       0x22 /usr/bin/../lib/gcc/arm-none-eabi/7.3.1/thumb/v7e-m/fpv4-sp/hard/libgcc.a(_arm_truncdfsf2.o)
 .ARM.attributes
                0x0000000000000981       0x20 /usr/bin/../lib/gcc/arm-none-eabi/7.3.1/../../../../arm-none-eabi/lib/thumb/v7e-m/fpv4-sp/hard/libg.a(lib_a-memcpy.o)
 .ARM.attributes
                0x00000000000009a1       0x34 /usr/bin/../lib/gcc/arm-none-eabi/7.3.1/../../../../arm-none-eabi/lib/thumb/v7e-m/fpv4-sp/hard/libg.a(lib_a-sf_ldexp.o)
 .ARM.attributes
                0x00000000000009d5       0x34 /usr/bin/../lib/gcc/arm-none-eabi/7.3.1/../../../../arm-none-eabi/lib/thumb/v7e-m/fpv4-sp/hard/libg.a(lib_a-sf_scalbn.o)
 .ARM.attributes
                0x0000000000000a09       0x34 /usr/bin/../lib/gcc/arm-none-eabi/7.3.1/../../../../arm-none-eabi/lib/thumb/v7e-m/fpv4-sp/hard/libg.a(lib_a-strcasecmp.o)
 .ARM.attributes
                0x0000000000000a3d       0x34 /usr/bin/../lib/gcc/arm-none-eabi/7.3.1/../../../../arm-none-eabi/lib/thumb/v7e-m/fpv4-sp/hard/libg.a(lib_a-strpbrk.o)
 .ARM.attributes
                0x0000000000000a71       0x34 /usr/bin/../lib/gcc/arm-none-eabi/7.3.1/../../../../arm-none-eabi/lib/thumb/v7e-m/fpv4-sp/hard/libg.a(lib_a-strspn.o)
 .ARM.attributes
                0x0000000000000aa5       0x34 /usr/bin/../lib/gcc/arm-none-eabi/7.3.1/../../../../arm-none-eabi/lib/thumb/v7e-m/fpv4-sp/hard/libg.a(lib_a-errno.o)
 .ARM.attributes
                0x0000000000000ad9       0x34 /usr/bin/../lib/gcc/arm-none-eabi/7.3.1/../../../../arm-none-eabi/lib/thumb/v7e-m/fpv4-sp/hard/libg.a(lib_a-impure.o)
 .ARM.attributes
                0x0000000000000b0d       0x34 /usr/bin/../lib/gcc/arm-none-eabi/7.3.1/../../../../arm-none-eabi/lib/thumb/v7e-m/fpv4-sp/hard/libg.a(lib_a-locale.o)
 .ARM.attributes
                0x0000000000000b41       0x34 /usr/bin/../lib/gcc/arm-none-eabi/7.3.1/../../../../arm-none-eabi/lib/thumb/v7e-m/fpv4-sp/hard/libg.a(lib_a-mbtowc_r.o)
 .ARM.attributes
                0x0000000000000b75       0x34 /usr/bin/../lib/gcc/arm-none-eabi/7.3.1/../../../../arm-none-eabi/lib/thumb/v7e-m/fpv4-sp/hard/libg.a(lib_a-sf_copysign.o)
 .ARM.attributes
                0x0000000000000ba9       0x34 /usr/bin/../lib/gcc/arm-none-eabi/7.3.1/../../../../arm-none-eabi/lib/thumb/v7e-m/fpv4-sp/hard/libg.a(lib_a-sf_finite.o)
 .ARM.attributes
                0x0000000000000bdd       0x34 /usr/bin/../lib/gcc/arm-none-eabi/7.3.1/../../../../arm-none-eabi/lib/thumb/v7e-m/fpv4-sp/hard/libg.a(lib_a-wctomb_r.o)
 .ARM.attributes
                0x0000000000000c11       0x34 /usr/bin/../lib/gcc/arm-none-eabi/7.3.1/../../../../arm-none-eabi/lib/thumb/v7e-m/fpv4-sp/hard/libg.a(lib_a-ctype_.o)

.comment        0x0000000000000000       0x7f
 .comment       0x0000000000000000       0x7f build/obj/crt1.o
                                         0x80 (size before relaxing)
 .comment       0x000000000000007f       0x80 build/obj/vectors.o
 .comment       0x000000000000007f       0x80 build/obj/chsys.o
 .comment       0x000000000000007f       0x80 build/obj/chvt.o
 .comment       0x000000000000007f       0x80 build/obj/chschd.o
 .comment       0x000000000000007f       0x80 build/obj/chthreads.o
 .comment       0x000000000000007f       0x80 build/obj/chtm.o
 .comment       0x000000000000007f       0x80 build/obj/chdynamic.o
 .comment       0x000000000000007f       0x80 build/obj/chregistry.o
 .comment       0x000000000000007f       0x80 build/obj/chmtx.o
 .comment       0x000000000000007f       0x80 build/obj/chevents.o
 .comment       0x000000000000007f       0x80 build/obj/chqueues.o
 .comment       0x000000000000007f       0x80 build/obj/chmemcore.o
 .comment       0x000000000000007f       0x80 build/obj/chheap.o
 .comment       0x000000000000007f       0x80 build/obj/chmempools.o
 .comment       0x000000000000007f       0x80 build/obj/chcore_v7m.o
 .comment       0x000000000000007f       0x80 build/obj/hal.o
 .comment       0x000000000000007f       0x80 build/obj/st.o
 .comment       0x000000000000007f       0x80 build/obj/serial_usb.o
 .comment       0x000000000000007f       0x80 build/obj/uart.o
 .comment       0x000000000000007f       0x80 build/obj/usb.o
 .comment       0x000000000000007f       0x80 build/obj/nvic.o
 .comment       0x000000000000007f       0x80 build/obj/stm32_dma.o
 .comment       0x000000000000007f       0x80 build/obj/hal_lld.o
 .comment       0x000000000000007f       0x80 build/obj/st_lld.o
 .comment       0x000000000000007f       0x80 build/obj/pal_lld.o
 .comment       0x000000000000007f       0x80 build/obj/usb_lld.o
 .comment       0x000000000000007f       0x80 build/obj/uart_lld.o
 .comment       0x000000000000007f       0x80 build/obj/board.o
 .comment       0x000000000000007f       0x80 build/obj/shell.o
 .comment       0x000000000000007f       0x80 build/obj/chprintf.o
 .comment       0x000000000000007f       0x80 build/obj/main.o
 .comment       0x000000000000007f       0x80 build/obj/comm_usb_serial.o
 .comment       0x000000000000007f       0x80 build/obj/bldc_interface.o
 .comment       0x000000000000007f       0x80 build/obj/buffer.o
 .comment       0x000000000000007f       0x80 build/obj/packet.o
 .comment       0x000000000000007f       0x80 build/obj/crc.o
 .comment       0x000000000000007f       0x80 build/obj/comm_uart.o
 .comment       0x000000000000007f       0x80 build/obj/bldc_interface_uart.o

.debug_info     0x0000000000000000    0x3f08b
 .debug_info    0x0000000000000000       0xea build/obj/crt1.o
 .debug_info    0x00000000000000ea      0x1eb build/obj/vectors.o
 .debug_info    0x00000000000002d5     0x1a0c build/obj/chsys.o
 .debug_info    0x0000000000001ce1      0xbe6 build/obj/chvt.o
 .debug_info    0x00000000000028c7      0xf31 build/obj/chschd.o
 .debug_info    0x00000000000037f8     0x1d66 build/obj/chthreads.o
 .debug_info    0x000000000000555e      0xbb0 build/obj/chtm.o
 .debug_info    0x000000000000610e      0xe74 build/obj/chdynamic.o
 .debug_info    0x0000000000006f82      0xa46 build/obj/chregistry.o
 .debug_info    0x00000000000079c8     0x119f build/obj/chmtx.o
 .debug_info    0x0000000000008b67     0x16e0 build/obj/chevents.o
 .debug_info    0x000000000000a247     0x1312 build/obj/chqueues.o
 .debug_info    0x000000000000b559      0xa37 build/obj/chmemcore.o
 .debug_info    0x000000000000bf90      0xba2 build/obj/chheap.o
 .debug_info    0x000000000000cb32      0xdcf build/obj/chmempools.o
 .debug_info    0x000000000000d901      0xdd4 build/obj/chcore_v7m.o
 .debug_info    0x000000000000e6d5     0x1940 build/obj/hal.o
 .debug_info    0x0000000000010015     0x1b4c build/obj/st.o
 .debug_info    0x0000000000011b61     0x2ce0 build/obj/serial_usb.o
 .debug_info    0x0000000000014841     0x21c4 build/obj/uart.o
 .debug_info    0x0000000000016a05     0x351d build/obj/usb.o
 .debug_info    0x0000000000019f22     0x1c1e build/obj/nvic.o
 .debug_info    0x000000000001bb40     0x213d build/obj/stm32_dma.o
 .debug_info    0x000000000001dc7d     0x1b3a build/obj/hal_lld.o
 .debug_info    0x000000000001f7b7     0x1d86 build/obj/st_lld.o
 .debug_info    0x000000000002153d     0x1db8 build/obj/pal_lld.o
 .debug_info    0x00000000000232f5     0x3ed6 build/obj/usb_lld.o
 .debug_info    0x00000000000271cb     0x2076 build/obj/uart_lld.o
 .debug_info    0x0000000000029241     0x18da build/obj/board.o
 .debug_info    0x000000000002ab1b     0x3269 build/obj/shell.o
 .debug_info    0x000000000002dd84     0x1fc6 build/obj/chprintf.o
 .debug_info    0x000000000002fd4a     0x2a6b build/obj/main.o
 .debug_info    0x00000000000327b5     0x200c build/obj/comm_usb_serial.o
 .debug_info    0x00000000000347c1     0x4bbc build/obj/bldc_interface.o
 .debug_info    0x000000000003937d     0x10d4 build/obj/buffer.o
 .debug_info    0x000000000003a451      0xb23 build/obj/packet.o
 .debug_info    0x000000000003af74       0xbd build/obj/crc.o
 .debug_info    0x000000000003b031     0x261b build/obj/comm_uart.o
 .debug_info    0x000000000003d64c     0x1a3f build/obj/bldc_interface_uart.o

.debug_abbrev   0x0000000000000000     0x7af9
 .debug_abbrev  0x0000000000000000       0xab build/obj/crt1.o
 .debug_abbrev  0x00000000000000ab       0xc7 build/obj/vectors.o
 .debug_abbrev  0x0000000000000172      0x535 build/obj/chsys.o
 .debug_abbrev  0x00000000000006a7      0x2a1 build/obj/chvt.o
 .debug_abbrev  0x0000000000000948      0x3de build/obj/chschd.o
 .debug_abbrev  0x0000000000000d26      0x49f build/obj/chthreads.o
 .debug_abbrev  0x00000000000011c5      0x284 build/obj/chtm.o
 .debug_abbrev  0x0000000000001449      0x2d9 build/obj/chdynamic.o
 .debug_abbrev  0x0000000000001722      0x23e build/obj/chregistry.o
 .debug_abbrev  0x0000000000001960      0x3cc build/obj/chmtx.o
 .debug_abbrev  0x0000000000001d2c      0x38e build/obj/chevents.o
 .debug_abbrev  0x00000000000020ba      0x3c3 build/obj/chqueues.o
 .debug_abbrev  0x000000000000247d      0x270 build/obj/chmemcore.o
 .debug_abbrev  0x00000000000026ed      0x290 build/obj/chheap.o
 .debug_abbrev  0x000000000000297d      0x32f build/obj/chmempools.o
 .debug_abbrev  0x0000000000002cac      0x257 build/obj/chcore_v7m.o
 .debug_abbrev  0x0000000000002f03      0x23c build/obj/hal.o
 .debug_abbrev  0x000000000000313f      0x2ac build/obj/st.o
 .debug_abbrev  0x00000000000033eb      0x501 build/obj/serial_usb.o
 .debug_abbrev  0x00000000000038ec      0x3c6 build/obj/uart.o
 .debug_abbrev  0x0000000000003cb2      0x495 build/obj/usb.o
 .debug_abbrev  0x0000000000004147      0x25e build/obj/nvic.o
 .debug_abbrev  0x00000000000043a5      0x2e9 build/obj/stm32_dma.o
 .debug_abbrev  0x000000000000468e      0x254 build/obj/hal_lld.o
 .debug_abbrev  0x00000000000048e2      0x29d build/obj/st_lld.o
 .debug_abbrev  0x0000000000004b7f      0x2a9 build/obj/pal_lld.o
 .debug_abbrev  0x0000000000004e28      0x555 build/obj/usb_lld.o
 .debug_abbrev  0x000000000000537d      0x481 build/obj/uart_lld.o
 .debug_abbrev  0x00000000000057fe      0x236 build/obj/board.o
 .debug_abbrev  0x0000000000005a34      0x502 build/obj/shell.o
 .debug_abbrev  0x0000000000005f36      0x3b8 build/obj/chprintf.o
 .debug_abbrev  0x00000000000062ee      0x3be build/obj/main.o
 .debug_abbrev  0x00000000000066ac      0x36a build/obj/comm_usb_serial.o
 .debug_abbrev  0x0000000000006a16      0x498 build/obj/bldc_interface.o
 .debug_abbrev  0x0000000000006eae      0x337 build/obj/buffer.o
 .debug_abbrev  0x00000000000071e5      0x261 build/obj/packet.o
 .debug_abbrev  0x0000000000007446       0x9b build/obj/crc.o
 .debug_abbrev  0x00000000000074e1      0x3aa build/obj/comm_uart.o
 .debug_abbrev  0x000000000000788b      0x26e build/obj/bldc_interface_uart.o

.debug_aranges  0x0000000000000000      0xdf8
 .debug_aranges
                0x0000000000000000       0x28 build/obj/crt1.o
 .debug_aranges
                0x0000000000000028       0x20 build/obj/vectors.o
 .debug_aranges
                0x0000000000000048       0x60 build/obj/chsys.o
 .debug_aranges
                0x00000000000000a8       0x30 build/obj/chvt.o
 .debug_aranges
                0x00000000000000d8       0x70 build/obj/chschd.o
 .debug_aranges
                0x0000000000000148       0xc0 build/obj/chthreads.o
 .debug_aranges
                0x0000000000000208       0x40 build/obj/chtm.o
 .debug_aranges
                0x0000000000000248       0x38 build/obj/chdynamic.o
 .debug_aranges
                0x0000000000000280       0x28 build/obj/chregistry.o
 .debug_aranges
                0x00000000000002a8       0x58 build/obj/chmtx.o
 .debug_aranges
                0x0000000000000300       0xa0 build/obj/chevents.o
 .debug_aranges
                0x00000000000003a0       0x68 build/obj/chqueues.o
 .debug_aranges
                0x0000000000000408       0x38 build/obj/chmemcore.o
 .debug_aranges
                0x0000000000000440       0x40 build/obj/chheap.o
 .debug_aranges
                0x0000000000000480       0x48 build/obj/chmempools.o
 .debug_aranges
                0x00000000000004c8       0x28 build/obj/chcore_v7m.o
 .debug_aranges
                0x00000000000004f0       0x20 build/obj/hal.o
 .debug_aranges
                0x0000000000000510       0x40 build/obj/st.o
 .debug_aranges
                0x0000000000000550       0xb0 build/obj/serial_usb.o
 .debug_aranges
                0x0000000000000600       0x78 build/obj/uart.o
 .debug_aranges
                0x0000000000000678       0xa8 build/obj/usb.o
 .debug_aranges
                0x0000000000000720       0x38 build/obj/nvic.o
 .debug_aranges
                0x0000000000000758       0xb0 build/obj/stm32_dma.o
 .debug_aranges
                0x0000000000000808       0x28 build/obj/hal_lld.o
 .debug_aranges
                0x0000000000000830       0x28 build/obj/st_lld.o
 .debug_aranges
                0x0000000000000858       0x28 build/obj/pal_lld.o
 .debug_aranges
                0x0000000000000880       0xd0 build/obj/usb_lld.o
 .debug_aranges
                0x0000000000000950       0x70 build/obj/uart_lld.o
 .debug_aranges
                0x00000000000009c0       0x28 build/obj/board.o
 .debug_aranges
                0x00000000000009e8       0x68 build/obj/shell.o
 .debug_aranges
                0x0000000000000a50       0x28 build/obj/chprintf.o
 .debug_aranges
                0x0000000000000a78       0x40 build/obj/main.o
 .debug_aranges
                0x0000000000000ab8       0x38 build/obj/comm_usb_serial.o
 .debug_aranges
                0x0000000000000af0      0x168 build/obj/bldc_interface.o
 .debug_aranges
                0x0000000000000c58       0xb8 build/obj/buffer.o
 .debug_aranges
                0x0000000000000d10       0x38 build/obj/packet.o
 .debug_aranges
                0x0000000000000d48       0x20 build/obj/crc.o
 .debug_aranges
                0x0000000000000d68       0x50 build/obj/comm_uart.o
 .debug_aranges
                0x0000000000000db8       0x40 build/obj/bldc_interface_uart.o

.debug_ranges   0x0000000000000000     0x1e18
 .debug_ranges  0x0000000000000000       0x18 build/obj/crt1.o
 .debug_ranges  0x0000000000000018       0x10 build/obj/vectors.o
 .debug_ranges  0x0000000000000028      0x188 build/obj/chsys.o
 .debug_ranges  0x00000000000001b0       0xb0 build/obj/chvt.o
 .debug_ranges  0x0000000000000260      0x1b8 build/obj/chschd.o
 .debug_ranges  0x0000000000000418      0x250 build/obj/chthreads.o
 .debug_ranges  0x0000000000000668       0xc0 build/obj/chtm.o
 .debug_ranges  0x0000000000000728       0x28 build/obj/chdynamic.o
 .debug_ranges  0x0000000000000750       0x18 build/obj/chregistry.o
 .debug_ranges  0x0000000000000768      0x1f0 build/obj/chmtx.o
 .debug_ranges  0x0000000000000958       0xc0 build/obj/chevents.o
 .debug_ranges  0x0000000000000a18      0x140 build/obj/chqueues.o
 .debug_ranges  0x0000000000000b58       0x28 build/obj/chmemcore.o
 .debug_ranges  0x0000000000000b80       0x30 build/obj/chheap.o
 .debug_ranges  0x0000000000000bb0       0xe0 build/obj/chmempools.o
 .debug_ranges  0x0000000000000c90       0x48 build/obj/chcore_v7m.o
 .debug_ranges  0x0000000000000cd8       0x10 build/obj/hal.o
 .debug_ranges  0x0000000000000ce8       0x30 build/obj/st.o
 .debug_ranges  0x0000000000000d18       0xf8 build/obj/serial_usb.o
 .debug_ranges  0x0000000000000e10       0xf8 build/obj/uart.o
 .debug_ranges  0x0000000000000f08      0x1a0 build/obj/usb.o
 .debug_ranges  0x00000000000010a8       0x28 build/obj/nvic.o
 .debug_ranges  0x00000000000010d0       0xa0 build/obj/stm32_dma.o
 .debug_ranges  0x0000000000001170       0x38 build/obj/hal_lld.o
 .debug_ranges  0x00000000000011a8       0x18 build/obj/st_lld.o
 .debug_ranges  0x00000000000011c0       0x70 build/obj/pal_lld.o
 .debug_ranges  0x0000000000001230      0x3a8 build/obj/usb_lld.o
 .debug_ranges  0x00000000000015d8       0xe0 build/obj/uart_lld.o
 .debug_ranges  0x00000000000016b8       0x18 build/obj/board.o
 .debug_ranges  0x00000000000016d0      0x138 build/obj/shell.o
 .debug_ranges  0x0000000000001808       0x88 build/obj/chprintf.o
 .debug_ranges  0x0000000000001890       0x30 build/obj/main.o
 .debug_ranges  0x00000000000018c0       0x28 build/obj/comm_usb_serial.o
 .debug_ranges  0x00000000000018e8      0x378 build/obj/bldc_interface.o
 .debug_ranges  0x0000000000001c60       0xd8 build/obj/buffer.o
 .debug_ranges  0x0000000000001d38       0x28 build/obj/packet.o
 .debug_ranges  0x0000000000001d60       0x10 build/obj/crc.o
 .debug_ranges  0x0000000000001d70       0x78 build/obj/comm_uart.o
 .debug_ranges  0x0000000000001de8       0x30 build/obj/bldc_interface_uart.o

.debug_line     0x0000000000000000     0xac2b
 .debug_line    0x0000000000000000      0x142 build/obj/crt1.o
 .debug_line    0x0000000000000142      0x135 build/obj/vectors.o
 .debug_line    0x0000000000000277      0x502 build/obj/chsys.o
 .debug_line    0x0000000000000779      0x356 build/obj/chvt.o
 .debug_line    0x0000000000000acf      0x4b2 build/obj/chschd.o
 .debug_line    0x0000000000000f81      0x710 build/obj/chthreads.o
 .debug_line    0x0000000000001691      0x2d4 build/obj/chtm.o
 .debug_line    0x0000000000001965      0x33b build/obj/chdynamic.o
 .debug_line    0x0000000000001ca0      0x2a4 build/obj/chregistry.o
 .debug_line    0x0000000000001f44      0x4b0 build/obj/chmtx.o
 .debug_line    0x00000000000023f4      0x504 build/obj/chevents.o
 .debug_line    0x00000000000028f8      0x4ad build/obj/chqueues.o
 .debug_line    0x0000000000002da5      0x2af build/obj/chmemcore.o
 .debug_line    0x0000000000003054      0x30e build/obj/chheap.o
 .debug_line    0x0000000000003362      0x346 build/obj/chmempools.o
 .debug_line    0x00000000000036a8      0x275 build/obj/chcore_v7m.o
 .debug_line    0x000000000000391d      0x406 build/obj/hal.o
 .debug_line    0x0000000000003d23      0x425 build/obj/st.o
 .debug_line    0x0000000000004148      0x6c7 build/obj/serial_usb.o
 .debug_line    0x000000000000480f      0x575 build/obj/uart.o
 .debug_line    0x0000000000004d84      0x790 build/obj/usb.o
 .debug_line    0x0000000000005514      0x3c7 build/obj/nvic.o
 .debug_line    0x00000000000058db      0x5c5 build/obj/stm32_dma.o
 .debug_line    0x0000000000005ea0      0x3df build/obj/hal_lld.o
 .debug_line    0x000000000000627f      0x461 build/obj/st_lld.o
 .debug_line    0x00000000000066e0      0x3f3 build/obj/pal_lld.o
 .debug_line    0x0000000000006ad3      0x9e4 build/obj/usb_lld.o
 .debug_line    0x00000000000074b7      0x6a3 build/obj/uart_lld.o
 .debug_line    0x0000000000007b5a      0x3aa build/obj/board.o
 .debug_line    0x0000000000007f04      0x6c6 build/obj/shell.o
 .debug_line    0x00000000000085ca      0x53c build/obj/chprintf.o
 .debug_line    0x0000000000008b06      0x533 build/obj/main.o
 .debug_line    0x0000000000009039      0x40f build/obj/comm_usb_serial.o
 .debug_line    0x0000000000009448      0xa39 build/obj/bldc_interface.o
 .debug_line    0x0000000000009e81      0x352 build/obj/buffer.o
 .debug_line    0x000000000000a1d3      0x1be build/obj/packet.o
 .debug_line    0x000000000000a391       0x4d build/obj/crc.o
 .debug_line    0x000000000000a3de      0x47f build/obj/comm_uart.o
 .debug_line    0x000000000000a85d      0x3ce build/obj/bldc_interface_uart.o

.debug_str      0x0000000000000000     0x5e41
 .debug_str     0x0000000000000000      0x243 build/obj/crt1.o
                                        0x288 (size before relaxing)
 .debug_str     0x0000000000000243      0x15f build/obj/vectors.o
                                        0x381 (size before relaxing)
 .debug_str     0x00000000000003a2      0xe73 build/obj/chsys.o
                                       0x111c (size before relaxing)
 .debug_str     0x0000000000001215       0x6b build/obj/chvt.o
                                        0x7c7 (size before relaxing)
 .debug_str     0x0000000000001280      0x146 build/obj/chschd.o
                                        0x88a (size before relaxing)
 .debug_str     0x00000000000013c6      0x20c build/obj/chthreads.o